Saved: /data/larsonlab/ihudsonfoy/allsongs1/chosen_random_clips/cleaned/./PF13.1_250424_0215_bout1_1318s_1368s.wav
Saved: /data/larsonlab/ihudsonfoy/allsongs1/chosen_random_clips/cleaned/./DQ201_180105_0019_bout5_1820s_1896s.wav
Saved: /data/larsonlab/ihudsonfoy/allsongs1/chosen_random_clips/cleaned/./DQ.PF70_260115_0896_bout3_1232s_1668s.wav
Saved: /data/larsonlab/ihudsonfoy/allsongs1/chosen_random_clips/cleaned/./HJ020_180524_0597_bout3_3962s_4034s.wav
Saved: /data/larsonlab/ihudsonfoy/allsongs1/chosen_random_clips/cleaned/./ES129_180409_0492_bout14_5476s_5526s.wav
Saved: /data/larsonlab/ihudsonfoy/allsongs1/chosen_random_clips/cleaned/./HO.PF36_260127_0936_bout12_11708s_11770s.wav
Saved: /data/larsonlab/ihudsonfoy/allsongs1/chosen_random_clips/cleaned/./GA289_180408_0268_bout5_1806s_1832s.wav
Saved: /data/larsonlab/ihudsonfoy/allsongs1/chosen_random_clips/cleaned/./GA331_250825_0283_bout13_2190s_2276s.wav
Saved: /data/larsonlab/ihudsonfoy/allsongs1/chosen_random_clips/cleaned/./PF.EH59.29_181021_0141_bout45_10860s_10884s.wav
Saved: /data/larsonlab/ihudsonfoy/allsongs1/chosen_random_clips/cleaned/./PF.GA15_181101_1267_bout17_7706s_7732s.wav
Saved: /data/larsonlab/ihudsonfoy/allsongs1/chosen_random_clips/cleaned/./EH271_180103_0010_bout63_23668s_23706s.wav
Saved: /data/larsonlab/ihudsonfoy/allsongs1/chosen_random_clips/cleaned/./PF26.17_250811_0336_bout30_2690s_2792s.wav
Saved: /data/larsonlab/ihudsonfoy/allsongs1/chosen_random_clips/cleaned/./DQ.PF61_260115_0889_bout5_4214s_4588s.wav
Saved: /data/larsonlab/ihudsonfoy/allsongs1/chosen_random_clips/cleaned/./GA332_250826_0400_bout23_8062s_8082s.wav
Saved: /data/larsonlab/ihudsonfoy/allsongs1/chosen_random_clips/cleaned/./EH260_2_250503_0288_bout17_7168s_7280s.wav
Saved: /data/larsonlab/ihudsonfoy/allsongs1/chosen_random_clips/cleaned/./PF.EH35.17_260225_1112_bout6_1030s_1132s.wav
Saved: /data/larsonlab/ihudsonfoy/allsongs1/chosen_random_clips/cleaned/./ES130b_250816_0357_bout2_8934s_8952s.wav
Saved: /data/larsonlab/ihudsonfoy/allsongs1/chosen_random_clips/cleaned/./EH.PF7_180922_1052_bout1_6930s_7024s.wav
Saved: /data/larsonlab/ihudsonfoy/allsongs1/chosen_random_clips/cleaned/./PF.EH35.27_181024_1208_bout96_3944s_3970s.wav
Saved: /data/larsonlab/ihudsonfoy/allsongs1/chosen_random_clips/cleaned/./PF5.6_250424_0056_bout18_7640s_7694s.wav
Saved: /data/larsonlab/ihudsonfoy/allsongs1/chosen_random_clips/cleaned/./GA296_180410_0467_bout9_2006s_2132s.wav
Saved: /data/larsonlab/ihudsonfoy/allsongs1/chosen_random_clips/cleaned/./PF.PF85_181207_0583_bout11_19556s_20342s.wav
Saved: /data/larsonlab/ihudsonfoy/allsongs1/chosen_random_clips/cleaned/./DQ.PF74_180910_0549_bout1_3434s_3446s.wav
Saved: /data/larsonlab/ihudsonfoy/allsongs1/chosen_random_clips/cleaned/./EH278_250817_0257_bout13_8118s_8134s.wav
Saved: /data/larsonlab/ihudsonfoy/allsongs1/chosen_random_clips/cleaned/./ES116_180331_0215_bout52_9210s_9266s.wav
Saved: /data/larsonlab/ihudsonfoy/allsongs1/chosen_random_clips/cleaned/./EH280_250818_0368_bout2_1128s_1144s.wav
Saved: /data/larsonlab/ihudsonfoy/allsongs1/chosen_random_clips/cleaned/./GA359_180420_0548_bout1_808s_994s.wav
Saved: /data/larsonlab/ihudsonfoy/allsongs1/chosen_random_clips/cleaned/./HO.PF10_260105_0640_bout8_694s_744s.wav
Saved: /data/larsonlab/ihudsonfoy/allsongs1/chosen_random_clips/cleaned/./GA283_180406_0479_bout6_7982s_8156s.wav
Saved: /data/larsonlab/ihudsonfoy/allsongs1/chosen_random_clips/cleaned/./PF37.1_1_250417_0165_bout21_4950s_5018s.wav
Saved: /data/larsonlab/ihudsonfoy/allsongs1/chosen_random_clips/cleaned/./EH258_250501_0271_bout51_12076s_12167s.wav
Saved: /data/larsonlab/ihudsonfoy/allsongs1/chosen_random_clips/cleaned/./EP041_180331_0304_bout12_11446s_11490s.wav
Saved: /data/larsonlab/ihudsonfoy/allsongs1/chosen_random_clips/cleaned/./PF.PF80_181204_1403_bout10_10098s_10450s.wav
Saved: /data/larsonlab/ihudsonfoy/allsongs1/chosen_random_clips/cleaned/./PF.EH69.20_181021_0742_bout7_5652s_5702s.wav
Saved: /data/larsonlab/ihudsonfoy/allsongs1/chosen_random_clips/cleaned/./FB96_250505_0093_bout4_1872s_1884s.wav
Saved: /data/larsonlab/ihudsonfoy/allsongs1/chosen_random_clips/cleaned/./PF13.1_250424_0214_bout4_10086s_10176s.wav
Saved: /data/larsonlab/ihudsonfoy/allsongs1/chosen_random_clips/cleaned/./ES132_180410_0285_bout11_776s_812s.wav
Saved: /data/larsonlab/ihudsonfoy/allsongs1/chosen_random_clips/cleaned/./EP044_180402_0488_bout8_9930s_10812s.wav
Saved: /data/larsonlab/ihudsonfoy/allsongs1/chosen_random_clips/cleaned/./ES098_241212_0063_bout3_1158s_1590s.wav
Saved: /data/larsonlab/ihudsonfoy/allsongs1/chosen_random_clips/cleaned/./EH284_180414_0504_bout24_6986s_7360s.wav
Saved: /data/larsonlab/ihudsonfoy/allsongs1/chosen_random_clips/cleaned/./PF.GA16_181031_0506_bout13_23234s_23264s.wav
Saved: /data/larsonlab/ihudsonfoy/allsongs1/chosen_random_clips/cleaned/./PF9.10_250424_0240_bout3_9718s_9736s.wav
Saved: /data/larsonlab/ihudsonfoy/allsongs1/chosen_random_clips/cleaned/./EH233_250426_0119_bout6_9122s_9138s.wav
Saved: /data/larsonlab/ihudsonfoy/allsongs1/chosen_random_clips/cleaned/./GA311_180415_0317_bout9_3704s_3728s.wav
Saved: /data/larsonlab/ihudsonfoy/allsongs1/chosen_random_clips/cleaned/./FB84_250501_0294_bout24_5236s_5622s.wav
Saved: /data/larsonlab/ihudsonfoy/allsongs1/chosen_random_clips/cleaned/./GA331_250825_0283_bout12_2154s_2180s.wav
Saved: /data/larsonlab/ihudsonfoy/allsongs1/chosen_random_clips/cleaned/./DQ.PF66_180909_0355_bout9_20478s_20856s.wav
Saved: /data/larsonlab/ihudsonfoy/allsongs1/chosen_random_clips/cleaned/./PF.PF55_2_260324_0165_bout25_11310s_12167s.wav
Saved: /data/larsonlab/ihudsonfoy/allsongs1/chosen_random_clips/cleaned/./HO.PF3_180827_0502_bout49_5928s_6028s.wav
Saved: /data/larsonlab/ihudsonfoy/allsongs1/chosen_random_clips/cleaned/./PF37.1_1_250418_0167_bout6_482s_516s.wav
Saved: /data/larsonlab/ihudsonfoy/allsongs1/chosen_random_clips/cleaned/./PF.PF83_2_181206_0250_bout47_9616s_9640s.wav
Saved: /data/larsonlab/ihudsonfoy/allsongs1/chosen_random_clips/cleaned/./DQ.PF70_260115_0896_bout17_9960s_10152s.wav
Saved: /data/larsonlab/ihudsonfoy/allsongs1/chosen_random_clips/cleaned/./DQ148_250424_0103_bout4_4982s_5044s.wav
Saved: /data/larsonlab/ihudsonfoy/allsongs1/chosen_random_clips/cleaned/./PF.EH35.19_260226_1119_bout2_6360s_6430s.wav
Saved: /data/larsonlab/ihudsonfoy/allsongs1/chosen_random_clips/cleaned/./FB123_long_180112_0042_bout21_15550s_15562s.wav
Saved: /data/larsonlab/ihudsonfoy/allsongs1/chosen_random_clips/cleaned/./PF.PF89_181216_0962_bout37_1914s_1930s.wav
Saved: /data/larsonlab/ihudsonfoy/allsongs1/chosen_random_clips/cleaned/./PF9.11_250428_0055_bout4_5272s_5320s.wav
Saved: /data/larsonlab/ihudsonfoy/allsongs1/chosen_random_clips/cleaned/./GA333_180420_0359_bout2_6712s_7034s.wav
Saved: /data/larsonlab/ihudsonfoy/allsongs1/chosen_random_clips/cleaned/./PF.GA14_181027_0165_bout1_19176s_19212s.wav
Saved: /data/larsonlab/ihudsonfoy/allsongs1/chosen_random_clips/cleaned/./EH233_250427_0120_bout2_1402s_1842s.wav
Saved: /data/larsonlab/ihudsonfoy/allsongs1/chosen_random_clips/cleaned/./chosen_random_clips_FB96_250505_0093_bout12_4210s_4222s.wav
Saved: /data/larsonlab/ihudsonfoy/allsongs1/chosen_random_clips/cleaned/./EH228_250425_0253_bout62_7530s_7544s.wav
Saved: /data/larsonlab/ihudsonfoy/allsongs1/chosen_random_clips/cleaned/./EP045_180331_0439_bout28_6302s_6334s.wav
Saved: /data/larsonlab/ihudsonfoy/allsongs1/chosen_random_clips/cleaned/./EH276_180120_0436_bout20_4836s_4852s.wav
Saved: /data/larsonlab/ihudsonfoy/allsongs1/chosen_random_clips/cleaned/./PF.EH35.19_260226_1119_bout3_6440s_6482s.wav
Saved: /data/larsonlab/ihudsonfoy/allsongs1/chosen_random_clips/cleaned/./PF9.10_250423_0237_bout2_5978s_5998s.wav
Saved: /data/larsonlab/ihudsonfoy/allsongs1/chosen_random_clips/cleaned/./GA336_180421_0525_bout19_7058s_7118s.wav
Saved: /data/larsonlab/ihudsonfoy/allsongs1/chosen_random_clips/cleaned/./GA229_250502_0080_bout4_4822s_4844s.wav
Saved: /data/larsonlab/ihudsonfoy/allsongs1/chosen_random_clips/cleaned/./PF.GA20_181107_0198_bout2_10408s_10454s.wav
Saved: /data/larsonlab/ihudsonfoy/allsongs1/chosen_random_clips/cleaned/./EH284_180414_0503_bout24_9952s_10348s.wav
Saved: /data/larsonlab/ihudsonfoy/allsongs1/chosen_random_clips/cleaned/./EH279_180412_0332_bout11_6952s_8402s.wav
Saved: /data/larsonlab/ihudsonfoy/allsongs1/chosen_random_clips/cleaned/./GA359_180420_0548_bout7_3558s_3604s.wav
Saved: /data/larsonlab/ihudsonfoy/allsongs1/chosen_random_clips/cleaned/./HO.PF7_180831_0992_bout2_1694s_1736s.wav
Saved: /data/larsonlab/ihudsonfoy/allsongs1/chosen_random_clips/cleaned/./FB129_180109_0351_bout3_5286s_5422s.wav
Saved: /data/larsonlab/ihudsonfoy/allsongs1/chosen_random_clips/cleaned/./ES097_241211_0058_bout3_11850s_12144s.wav
Saved: /data/larsonlab/ihudsonfoy/allsongs1/chosen_random_clips/cleaned/./EH260_2_250503_0288_bout1_0s_86s.wav
Saved: /data/larsonlab/ihudsonfoy/allsongs1/chosen_random_clips/cleaned/./PF26.12_180406_0108_bout6_19912s_20240s.wav
Saved: /data/larsonlab/ihudsonfoy/allsongs1/chosen_random_clips/cleaned/./PF26.12_180406_0108_bout2_15944s_16420s.wav
Saved: /data/larsonlab/ihudsonfoy/allsongs1/chosen_random_clips/cleaned/./EP044_180402_0487_bout10_10334s_10354s.wav
Saved: /data/larsonlab/ihudsonfoy/allsongs1/chosen_random_clips/cleaned/./PF.EH69.16_181021_1187_bout27_10494s_10512s.wav
Saved: /data/larsonlab/ihudsonfoy/allsongs1/chosen_random_clips/cleaned/./ES133_180411_0125_bout4_2992s_3100s.wav
Saved: /data/larsonlab/ihudsonfoy/allsongs1/chosen_random_clips/cleaned/./PF.GA23_181118_0348_bout12_2116s_2144s.wav
Saved: /data/larsonlab/ihudsonfoy/allsongs1/chosen_random_clips/cleaned/./PF.PF61_181128_0234_bout8_6780s_8444s.wav
Saved: /data/larsonlab/ihudsonfoy/allsongs1/chosen_random_clips/cleaned/./PF.EH61.10_260302_1146_bout2_5932s_5960s.wav
Saved: /data/larsonlab/ihudsonfoy/allsongs1/chosen_random_clips/cleaned/./PF.PF92_181217_0606_bout21_22532s_22616s.wav
Saved: /data/larsonlab/ihudsonfoy/allsongs1/chosen_random_clips/cleaned/./EH286_180413_0336_bout31_5454s_5480s.wav
Saved: /data/larsonlab/ihudsonfoy/allsongs1/chosen_random_clips/cleaned/./PF.PF82_181210_0428_bout109_10176s_10212s.wav
Saved: /data/larsonlab/ihudsonfoy/allsongs1/chosen_random_clips/cleaned/./PF.EH35.13_260224_1099_bout6_2340s_3124s.wav
Saved: /data/larsonlab/ihudsonfoy/allsongs1/chosen_random_clips/cleaned/./EH286_180413_0337_bout8_7394s_7412s.wav
Saved: /data/larsonlab/ihudsonfoy/allsongs1/chosen_random_clips/cleaned/./EH.PF2_180829_0977_bout14_8386s_8520s.wav
Saved: /data/larsonlab/ihudsonfoy/allsongs1/chosen_random_clips/cleaned/./PF36.3_250429_0250_bout2_4766s_4866s.wav
Saved: /data/larsonlab/ihudsonfoy/allsongs1/chosen_random_clips/cleaned/./GA290_180408_0114_bout24_17020s_17098s.wav
Saved: /data/larsonlab/ihudsonfoy/allsongs1/chosen_random_clips/cleaned/./PF.GA12_260307_0838_bout9_8816s_8868s.wav
Saved: /data/larsonlab/ihudsonfoy/allsongs1/chosen_random_clips/cleaned/./HO85_180104_0150_bout11_6004s_6038s.wav
Saved: /data/larsonlab/ihudsonfoy/allsongs1/chosen_random_clips/cleaned/./EH280_250818_0369_bout5_2734s_2750s.wav
Saved: /data/larsonlab/ihudsonfoy/allsongs1/chosen_random_clips/cleaned/./EH260_2_250504_0289_bout1_4970s_5546s.wav
Saved: /data/larsonlab/ihudsonfoy/allsongs1/chosen_random_clips/cleaned/./EH258_250501_0272_bout45_6956s_6994s.wav
Saved: /data/larsonlab/ihudsonfoy/allsongs1/chosen_random_clips/cleaned/./PF.EH35.16_181016_0119_bout10_21392s_21498s.wav
Saved: /data/larsonlab/ihudsonfoy/allsongs1/chosen_random_clips/cleaned/./GA244_long_180117_0062_bout7_1652s_1728s.wav
Saved: /data/larsonlab/ihudsonfoy/allsongs1/chosen_random_clips/cleaned/./EH227_250426_0232_bout1_1536s_1550s.wav
Saved: /data/larsonlab/ihudsonfoy/allsongs1/chosen_random_clips/cleaned/./chosen_random_clips_DQ206_180103_0148_bout17_708s_756s.wav
Saved: /data/larsonlab/ihudsonfoy/allsongs1/chosen_random_clips/cleaned/./GA244_long_180119_0069_bout18_17724s_17890s.wav
Saved: /data/larsonlab/ihudsonfoy/allsongs1/chosen_random_clips/cleaned/./PF9.10_250423_0236_bout36_11030s_11046s.wav
Saved: /data/larsonlab/ihudsonfoy/allsongs1/chosen_random_clips/cleaned/./PF.PF92_181217_0606_bout5_13838s_13876s.wav
Saved: /data/larsonlab/ihudsonfoy/allsongs1/chosen_random_clips/cleaned/./GA285_180407_0262_bout66_9404s_9492s.wav
Saved: /data/larsonlab/ihudsonfoy/allsongs1/chosen_random_clips/cleaned/./PF26.8_250813_0221_bout7_10524s_10560s.wav
Saved: /data/larsonlab/ihudsonfoy/allsongs1/chosen_random_clips/cleaned/./HO111_long_250522_0208_bout1_10406s_10434s.wav
Saved: /data/larsonlab/ihudsonfoy/allsongs1/chosen_random_clips/cleaned/./ES131_180411_0292_bout21_1610s_1638s.wav
Saved: /data/larsonlab/ihudsonfoy/allsongs1/chosen_random_clips/cleaned/./PF38.14_250428_0246_bout7_1044s_1070s.wav
Saved: /data/larsonlab/ihudsonfoy/allsongs1/chosen_random_clips/cleaned/./GA332_250826_0400_bout27_8916s_9202s.wav
Saved: /data/larsonlab/ihudsonfoy/allsongs1/chosen_random_clips/cleaned/./ES116_180331_0215_bout18_4610s_4626s.wav
Saved: /data/larsonlab/ihudsonfoy/allsongs1/chosen_random_clips/cleaned/./Devo_111_180915_1029_bout19_5990s_6160s.wav
Saved: /data/larsonlab/ihudsonfoy/allsongs1/chosen_random_clips/cleaned/./EP130_180416_0354_bout40_8124s_8164s.wav
Saved: /data/larsonlab/ihudsonfoy/allsongs1/chosen_random_clips/cleaned/./EH287_250818_0375_bout18_8606s_8820s.wav
Saved: /data/larsonlab/ihudsonfoy/allsongs1/chosen_random_clips/cleaned/./EH273_long_180116_0172_bout35_8232s_8276s.wav
Saved: /data/larsonlab/ihudsonfoy/allsongs1/chosen_random_clips/cleaned/./PF.PF89_181216_0962_bout137_6722s_6756s.wav
Saved: /data/larsonlab/ihudsonfoy/allsongs1/chosen_random_clips/cleaned/./PF5.001_1_250407_0119_bout35_5668s_5696s.wav
Saved: /data/larsonlab/ihudsonfoy/allsongs1/chosen_random_clips/cleaned/./EH283_180412_0516_bout39_6680s_6802s.wav
Saved: /data/larsonlab/ihudsonfoy/allsongs1/chosen_random_clips/cleaned/./GA237_long_180109_0180_bout4_1148s_1174s.wav
Saved: /data/larsonlab/ihudsonfoy/allsongs1/chosen_random_clips/cleaned/./FB129_180109_0355_bout16_4808s_4854s.wav
Saved: /data/larsonlab/ihudsonfoy/allsongs1/chosen_random_clips/cleaned/./GA294_180409_0278_bout53_5972s_6012s.wav
Saved: /data/larsonlab/ihudsonfoy/allsongs1/chosen_random_clips/cleaned/./PF26.12_180406_0108_bout8_20272s_20314s.wav
Saved: /data/larsonlab/ihudsonfoy/allsongs1/chosen_random_clips/cleaned/./PF3.2_180110_0036_bout62_14780s_14840s.wav
Saved: /data/larsonlab/ihudsonfoy/allsongs1/chosen_random_clips/cleaned/./DQ.PF78_260123_0929_bout7_7238s_7446s.wav
Saved: /data/larsonlab/ihudsonfoy/allsongs1/chosen_random_clips/cleaned/./GA333_180420_0357_bout2_9472s_9864s.wav
Saved: /data/larsonlab/ihudsonfoy/allsongs1/chosen_random_clips/cleaned/./EH259_250501_0113_bout9_980s_1016s.wav
Saved: /data/larsonlab/ihudsonfoy/allsongs1/chosen_random_clips/cleaned/./GA281_180405_0472_bout4_11258s_11276s.wav
Saved: /data/larsonlab/ihudsonfoy/allsongs1/chosen_random_clips/cleaned/./HO.PF4_180830_0981_bout4_9976s_10022s.wav
Saved: /data/larsonlab/ihudsonfoy/allsongs1/chosen_random_clips/cleaned/./FB131_long_180111_0371_bout19_1066s_1084s.wav
Saved: /data/larsonlab/ihudsonfoy/allsongs1/chosen_random_clips/cleaned/./PF.EH35.15_260225_1107_bout4_1468s_1870s.wav
Saved: /data/larsonlab/ihudsonfoy/allsongs1/chosen_random_clips/cleaned/./EH259_2_250503_0122_bout11_5650s_5804s.wav
Saved: /data/larsonlab/ihudsonfoy/allsongs1/chosen_random_clips/cleaned/./GA278_trapped_180404_0503_bout9_4010s_4120s.wav
Saved: /data/larsonlab/ihudsonfoy/allsongs1/chosen_random_clips/cleaned/./PF.EH35.18_260227_0782_bout17_8886s_8910s.wav
Saved: /data/larsonlab/ihudsonfoy/allsongs1/chosen_random_clips/cleaned/./ES128_180411_0321_bout13_4972s_5092s.wav
Saved: /data/larsonlab/ihudsonfoy/allsongs1/chosen_random_clips/cleaned/./EH234_250504_0294_bout59_11090s_11246s.wav
Saved: /data/larsonlab/ihudsonfoy/allsongs1/chosen_random_clips/cleaned/./DQ153_250430_0259_bout69_9366s_9384s.wav
Saved: /data/larsonlab/ihudsonfoy/allsongs1/chosen_random_clips/cleaned/./GA237_long_180111_0194_bout2_5428s_5482s.wav
Saved: /data/larsonlab/ihudsonfoy/allsongs1/chosen_random_clips/cleaned/./PF26.10_trapped_180403_0325_bout1_4036s_4080s.wav
Saved: /data/larsonlab/ihudsonfoy/allsongs1/chosen_random_clips/cleaned/./HO.PF5_180829_0339_bout13_15126s_15146s.wav
Saved: /data/larsonlab/ihudsonfoy/allsongs1/chosen_random_clips/cleaned/./PF.PF91_181218_1454_bout93_4760s_4782s.wav
Saved: /data/larsonlab/ihudsonfoy/allsongs1/chosen_random_clips/cleaned/./Devo_111_180915_1029_bout7_490s_588s.wav
Saved: /data/larsonlab/ihudsonfoy/allsongs1/chosen_random_clips/cleaned/./PF26.3_180330_0294_bout5_11538s_12010s.wav
Saved: /data/larsonlab/ihudsonfoy/allsongs1/chosen_random_clips/cleaned/./FB125_250512_0146_bout1_144s_450s.wav
Saved: /data/larsonlab/ihudsonfoy/allsongs1/chosen_random_clips/cleaned/./ES125b_180410_0316_bout26_10110s_10168s.wav
Saved: /data/larsonlab/ihudsonfoy/allsongs1/chosen_random_clips/cleaned/./PF.EH60.14_181019_0727_bout4_8408s_8436s.wav
Saved: /data/larsonlab/ihudsonfoy/allsongs1/chosen_random_clips/cleaned/./PF.EH60.16_181020_0137_bout3_2534s_2566s.wav
Saved: /data/larsonlab/ihudsonfoy/allsongs1/chosen_random_clips/cleaned/./GA285_180407_0261_bout4_5944s_5968s.wav
Saved: /data/larsonlab/ihudsonfoy/allsongs1/chosen_random_clips/cleaned/./DQ.PF61_260115_0890_bout10_5292s_5504s.wav
Saved: /data/larsonlab/ihudsonfoy/allsongs1/chosen_random_clips/cleaned/./DQ151_250425_0035_bout4_2100s_2292s.wav
Saved: /data/larsonlab/ihudsonfoy/allsongs1/chosen_random_clips/cleaned/./GA310_180416_0511_bout10_10148s_10280s.wav
Saved: /data/larsonlab/ihudsonfoy/allsongs1/chosen_random_clips/cleaned/./EH273_long_180116_0172_bout66_12100s_12114s.wav
Saved: /data/larsonlab/ihudsonfoy/allsongs1/chosen_random_clips/cleaned/./EH.PF2_180829_0978_bout2_4178s_4270s.wav
Saved: /data/larsonlab/ihudsonfoy/allsongs1/chosen_random_clips/cleaned/./GA311_180415_0318_bout12_6428s_6442s.wav
Saved: /data/larsonlab/ihudsonfoy/allsongs1/chosen_random_clips/cleaned/./PF9.11_250428_0055_bout8_6244s_6654s.wav
Saved: /data/larsonlab/ihudsonfoy/allsongs1/chosen_random_clips/cleaned/./GA357_180421_0368_bout56_11034s_11048s.wav
Saved: /data/larsonlab/ihudsonfoy/allsongs1/chosen_random_clips/cleaned/./PF.EH61.11_181024_0762_bout38_8618s_8654s.wav
Saved: /data/larsonlab/ihudsonfoy/allsongs1/chosen_random_clips/cleaned/./EH287_250818_0375_bout9_6412s_6436s.wav
Saved: /data/larsonlab/ihudsonfoy/allsongs1/chosen_random_clips/cleaned/./ES097_241212_0062_bout3_5498s_6012s.wav
Saved: /data/larsonlab/ihudsonfoy/allsongs1/chosen_random_clips/cleaned/./GA283_180406_0478_bout4_8108s_8902s.wav
Saved: /data/larsonlab/ihudsonfoy/allsongs1/chosen_random_clips/cleaned/./GA214_250421_0218_bout5_460s_472s.wav
Saved: /data/larsonlab/ihudsonfoy/allsongs1/chosen_random_clips/cleaned/./PF.EH69.20_181021_0738_bout20_9972s_10230s.wav
Saved: /data/larsonlab/ihudsonfoy/allsongs1/chosen_random_clips/cleaned/./PF.PF61_181128_0234_bout2_492s_1998s.wav
Saved: /data/larsonlab/ihudsonfoy/allsongs1/chosen_random_clips/cleaned/./PF.PF54_181112_1324_bout1_6s_50s.wav
Saved: /data/larsonlab/ihudsonfoy/allsongs1/chosen_random_clips/cleaned/./GA358_250827_0409_bout7_7250s_7438s.wav
Saved: /data/larsonlab/ihudsonfoy/allsongs1/chosen_random_clips/cleaned/./EH232_250427_0080_bout14_4040s_4166s.wav
Saved: /data/larsonlab/ihudsonfoy/allsongs1/chosen_random_clips/cleaned/./HO81_180102_0006_bout14_1912s_2026s.wav
Saved: /data/larsonlab/ihudsonfoy/allsongs1/chosen_random_clips/cleaned/./GA309_180415_0135_bout11_9592s_9640s.wav
Saved: /data/larsonlab/ihudsonfoy/allsongs1/chosen_random_clips/cleaned/./PF37.41_250430_0286_bout12_1056s_1074s.wav
Saved: /data/larsonlab/ihudsonfoy/allsongs1/chosen_random_clips/cleaned/./HO.PF32_180909_1006_bout36_8926s_9060s.wav
Saved: /data/larsonlab/ihudsonfoy/allsongs1/chosen_random_clips/cleaned/./PF.PF83_2_181206_0250_bout8_2184s_2318s.wav
Saved: /data/larsonlab/ihudsonfoy/allsongs1/chosen_random_clips/cleaned/./FB125_250512_0146_bout2_1588s_1700s.wav
Saved: /data/larsonlab/ihudsonfoy/allsongs1/chosen_random_clips/cleaned/./DQ.PF74_180910_0549_bout22_7090s_7256s.wav
Saved: /data/larsonlab/ihudsonfoy/allsongs1/chosen_random_clips/cleaned/./DQ193_180103_0322_bout15_814s_1002s.wav
Saved: /data/larsonlab/ihudsonfoy/allsongs1/chosen_random_clips/cleaned/./PF37.63_180107_0336_bout8_4784s_4808s.wav
Saved: /data/larsonlab/ihudsonfoy/allsongs1/chosen_random_clips/cleaned/./DQ153_250429_0257_bout4_3544s_3576s.wav
Saved: /data/larsonlab/ihudsonfoy/allsongs1/chosen_random_clips/cleaned/./PF.PF55_181111_0540_bout12_1688s_1742s.wav
Saved: /data/larsonlab/ihudsonfoy/allsongs1/chosen_random_clips/cleaned/./HO.PF10_260105_0640_bout10_796s_844s.wav
Saved: /data/larsonlab/ihudsonfoy/allsongs1/chosen_random_clips/cleaned/./HO.PF36_260127_0935_bout23_1254s_1312s.wav
Saved: /data/larsonlab/ihudsonfoy/allsongs1/chosen_random_clips/cleaned/./PF.EH69.18_181020_0465_bout57_13956s_13988s.wav
Saved: /data/larsonlab/ihudsonfoy/allsongs1/chosen_random_clips/cleaned/./DQ191_180102_0313_bout7_3282s_3436s.wav
Saved: /data/larsonlab/ihudsonfoy/allsongs1/chosen_random_clips/cleaned/./EH276_180120_0433_bout6_7358s_7682s.wav
Saved: /data/larsonlab/ihudsonfoy/allsongs1/chosen_random_clips/cleaned/./ES136_180413_0490_bout1_200s_244s.wav
Saved: /data/larsonlab/ihudsonfoy/allsongs1/chosen_random_clips/cleaned/./GA337_250826_0290_bout12_4144s_4326s.wav
Saved: /data/larsonlab/ihudsonfoy/allsongs1/chosen_random_clips/cleaned/./DQ.PF66_180909_0355_bout12_22152s_22638s.wav
Saved: /data/larsonlab/ihudsonfoy/allsongs1/chosen_random_clips/cleaned/./PF.EH59.29_181021_0142_bout104_7656s_7794s.wav
Saved: /data/larsonlab/ihudsonfoy/allsongs1/chosen_random_clips/cleaned/./PF.EH59.24_181019_0461_bout13_12356s_12394s.wav
Saved: /data/larsonlab/ihudsonfoy/allsongs1/chosen_random_clips/cleaned/./GA311_180415_0318_bout14_7072s_7496s.wav
Saved: /data/larsonlab/ihudsonfoy/allsongs1/chosen_random_clips/cleaned/./EP124_180416_0141_bout34_12090s_12212s.wav
Saved: /data/larsonlab/ihudsonfoy/allsongs1/chosen_random_clips/cleaned/./PF.GA21_181118_1349_bout1_8198s_8238s.wav
Saved: /data/larsonlab/ihudsonfoy/allsongs1/chosen_random_clips/cleaned/./EP128_250821_0274_bout12_7028s_7590s.wav
Saved: /data/larsonlab/ihudsonfoy/allsongs1/chosen_random_clips/cleaned/./PF.PF73_181203_1395_bout15_9936s_10068s.wav
Saved: /data/larsonlab/ihudsonfoy/allsongs1/chosen_random_clips/cleaned/./ES125b_180410_0315_bout14_6326s_6984s.wav
Saved: /data/larsonlab/ihudsonfoy/allsongs1/chosen_random_clips/cleaned/./ES130_180411_0476_bout1_2464s_2492s.wav
Saved: /data/larsonlab/ihudsonfoy/allsongs1/chosen_random_clips/cleaned/./HO.PF11_260106_0877_bout11_11134s_11174s.wav
Saved: /data/larsonlab/ihudsonfoy/allsongs1/chosen_random_clips/cleaned/./GA334_180420_0144_bout12_11104s_11182s.wav
Saved: /data/larsonlab/ihudsonfoy/allsongs1/chosen_random_clips/cleaned/./GA285_180407_0260_bout51_11200s_11250s.wav
Saved: /data/larsonlab/ihudsonfoy/allsongs1/chosen_random_clips/cleaned/./HO.PF5_180829_0337_bout12_24120s_24335s.wav
Saved: /data/larsonlab/ihudsonfoy/allsongs1/chosen_random_clips/cleaned/./PF26.7_180402_0104_bout43_21528s_21884s.wav
Saved: /data/larsonlab/ihudsonfoy/allsongs1/chosen_random_clips/cleaned/./DQ.PF73_180910_0359_bout24_23356s_23608s.wav
Saved: /data/larsonlab/ihudsonfoy/allsongs1/chosen_random_clips/cleaned/./GA291_250814_0345_bout11_10194s_10310s.wav
Saved: /data/larsonlab/ihudsonfoy/allsongs1/chosen_random_clips/cleaned/./PF.EH69.16_181021_1188_bout100_10848s_10870s.wav
Saved: /data/larsonlab/ihudsonfoy/allsongs1/chosen_random_clips/cleaned/./FB98_250506_0306_bout22_7710s_7922s.wav
Saved: /data/larsonlab/ihudsonfoy/allsongs1/chosen_random_clips/cleaned/./PF22.18_250504_0300_bout51_8602s_9054s.wav
Saved: /data/larsonlab/ihudsonfoy/allsongs1/chosen_random_clips/cleaned/./GA291_250814_0345_bout12_10340s_10358s.wav
Saved: /data/larsonlab/ihudsonfoy/allsongs1/chosen_random_clips/cleaned/./EP043_250805_0166_bout9_4148s_4210s.wav
Saved: /data/larsonlab/ihudsonfoy/allsongs1/chosen_random_clips/cleaned/./PF.EH61.10_260302_1146_bout22_6756s_6772s.wav
Saved: /data/larsonlab/ihudsonfoy/allsongs1/chosen_random_clips/cleaned/./EH182_2_250409_0137_bout10_2374s_2722s.wav
Saved: /data/larsonlab/ihudsonfoy/allsongs1/chosen_random_clips/cleaned/./FB83_250430_0104_bout131_10586s_10880s.wav
Saved: /data/larsonlab/ihudsonfoy/allsongs1/chosen_random_clips/cleaned/./FB98_250506_0307_bout13_3720s_3866s.wav
Saved: /data/larsonlab/ihudsonfoy/allsongs1/chosen_random_clips/cleaned/./GA225_250503_0284_bout55_8042s_8068s.wav
Saved: /data/larsonlab/ihudsonfoy/allsongs1/chosen_random_clips/cleaned/./FB84_250501_0293_bout15_7446s_7784s.wav
Saved: /data/larsonlab/ihudsonfoy/allsongs1/chosen_random_clips/cleaned/./GA276_trapped_180403_0457_bout3_5130s_5206s.wav
Saved: /data/larsonlab/ihudsonfoy/allsongs1/chosen_random_clips/cleaned/./HO38_250429_0092_bout8_11786s_11824s.wav
Saved: /data/larsonlab/ihudsonfoy/allsongs1/chosen_random_clips/cleaned/./PF5.002_1_250404_0091_bout5_170s_232s.wav
Saved: /data/larsonlab/ihudsonfoy/allsongs1/chosen_random_clips/cleaned/./PF.PF55_2_260325_0168_bout15_11518s_11586s.wav
Saved: /data/larsonlab/ihudsonfoy/allsongs1/chosen_random_clips/cleaned/./ES131_180411_0293_bout14_8014s_8412s.wav
Saved: /data/larsonlab/ihudsonfoy/allsongs1/chosen_random_clips/cleaned/./ES134_180412_0487_bout43_9572s_9812s.wav
Saved: /data/larsonlab/ihudsonfoy/allsongs1/chosen_random_clips/cleaned/./PF26.8_250813_0221_bout6_10410s_10440s.wav
Saved: /data/larsonlab/ihudsonfoy/allsongs1/chosen_random_clips/cleaned/./DQ.PF1_180828_0970_bout76_6290s_6306s.wav
Saved: /data/larsonlab/ihudsonfoy/allsongs1/chosen_random_clips/cleaned/./PF.PF58_181116_0876_bout46_11356s_11986s.wav
Saved: /data/larsonlab/ihudsonfoy/allsongs1/chosen_random_clips/cleaned/./PF.PF73_2_260417_0955_bout32_6950s_7050s.wav
Saved: /data/larsonlab/ihudsonfoy/allsongs1/chosen_random_clips/cleaned/./PF26.2_250805_0162_bout3_4330s_4826s.wav
Saved: /data/larsonlab/ihudsonfoy/allsongs1/chosen_random_clips/cleaned/./PFx.1_2_250414_0226_bout11_5946s_5958s.wav
Saved: /data/larsonlab/ihudsonfoy/allsongs1/chosen_random_clips/cleaned/./GA214_250421_0218_bout103_7314s_7336s.wav
Saved: /data/larsonlab/ihudsonfoy/allsongs1/chosen_random_clips/cleaned/./PF37.63_180107_0336_bout4_2812s_2832s.wav
Saved: /data/larsonlab/ihudsonfoy/allsongs1/chosen_random_clips/cleaned/./PF40.2_180403_0497_bout1_3846s_3872s.wav
Saved: /data/larsonlab/ihudsonfoy/allsongs1/chosen_random_clips/cleaned/./GA287_180408_0302_bout5_3238s_3280s.wav
Saved: /data/larsonlab/ihudsonfoy/allsongs1/chosen_random_clips/cleaned/./DQ.PF73_180910_0359_bout20_20680s_20718s.wav
Saved: /data/larsonlab/ihudsonfoy/allsongs1/chosen_random_clips/cleaned/./HO.PF3_180827_0502_bout86_7642s_7758s.wav
Saved: /data/larsonlab/ihudsonfoy/allsongs1/chosen_random_clips/cleaned/./ES129_180409_0494_bout26_7246s_7484s.wav
Saved: /data/larsonlab/ihudsonfoy/allsongs1/chosen_random_clips/cleaned/./FB98_250506_0306_bout5_450s_864s.wav
Saved: /data/larsonlab/ihudsonfoy/allsongs1/chosen_random_clips/cleaned/./PF37.31_250428_0085_bout37_4352s_4374s.wav
Saved: /data/larsonlab/ihudsonfoy/allsongs1/chosen_random_clips/cleaned/./DQ201_180105_0019_bout8_2580s_2686s.wav
Saved: /data/larsonlab/ihudsonfoy/allsongs1/chosen_random_clips/cleaned/./GA337_250826_0288_bout3_5422s_5444s.wav
Saved: /data/larsonlab/ihudsonfoy/allsongs1/chosen_random_clips/cleaned/./GA357_180421_0368_bout41_9010s_9062s.wav
Saved: /data/larsonlab/ihudsonfoy/allsongs1/chosen_random_clips/cleaned/./ES115_180331_0096_bout11_11428s_12072s.wav
Saved: /data/larsonlab/ihudsonfoy/allsongs1/chosen_random_clips/cleaned/./GA291_250814_0346_bout2_1238s_1302s.wav
Saved: /data/larsonlab/ihudsonfoy/allsongs1/chosen_random_clips/cleaned/./DQ148_250424_0102_bout26_7818s_7856s.wav
Saved: /data/larsonlab/ihudsonfoy/allsongs1/chosen_random_clips/cleaned/./HO85_180104_0151_bout4_4874s_4900s.wav
Saved: /data/larsonlab/ihudsonfoy/allsongs1/chosen_random_clips/cleaned/./GA279_250812_0214_bout126_10920s_11214s.wav
Saved: /data/larsonlab/ihudsonfoy/allsongs1/chosen_random_clips/cleaned/./HO38_250429_0092_bout16_12058s_12080s.wav
Saved: /data/larsonlab/ihudsonfoy/allsongs1/chosen_random_clips/cleaned/./GA281_180405_0473_bout4_2176s_2348s.wav
Saved: /data/larsonlab/ihudsonfoy/allsongs1/chosen_random_clips/cleaned/./PF.EH35.16_181016_0119_bout4_17352s_17402s.wav
Saved: /data/larsonlab/ihudsonfoy/allsongs1/chosen_random_clips/cleaned/./Devo_111_180915_1029_bout10_894s_920s.wav
Saved: /data/larsonlab/ihudsonfoy/allsongs1/chosen_random_clips/cleaned/./DQ.PF80_180918_1046_bout8_1680s_1906s.wav
Saved: /data/larsonlab/ihudsonfoy/allsongs1/chosen_random_clips/cleaned/./GA361_180422_0531_bout19_9600s_9874s.wav
Saved: /data/larsonlab/ihudsonfoy/allsongs1/chosen_random_clips/cleaned/./EP127_180416_0321_bout70_10218s_10250s.wav
Saved: /data/larsonlab/ihudsonfoy/allsongs1/chosen_random_clips/cleaned/./ES137_180412_0128_bout36_13606s_13624s.wav
Saved: /data/larsonlab/ihudsonfoy/allsongs1/chosen_random_clips/cleaned/./DQ.PF63_180908_0350_bout11_3634s_3982s.wav
Saved: /data/larsonlab/ihudsonfoy/allsongs1/chosen_random_clips/cleaned/./PF.PF86_181207_0933_bout31_7220s_7854s.wav
Saved: /data/larsonlab/ihudsonfoy/allsongs1/chosen_random_clips/cleaned/./DQ.PF68_260115_0091_bout3_11026s_11756s.wav
Saved: /data/larsonlab/ihudsonfoy/allsongs1/chosen_random_clips/cleaned/./PF.EH60.16_181020_0137_bout2_2464s_2506s.wav
Saved: /data/larsonlab/ihudsonfoy/allsongs1/chosen_random_clips/cleaned/./PF.GA9_260228_0790_bout35_5332s_5372s.wav
Saved: /data/larsonlab/ihudsonfoy/allsongs1/chosen_random_clips/cleaned/./GA215_250421_0195_bout10_5144s_5432s.wav
Saved: /data/larsonlab/ihudsonfoy/allsongs1/chosen_random_clips/cleaned/./FB131_long_180112_0378_bout1_1822s_1836s.wav
Saved: /data/larsonlab/ihudsonfoy/allsongs1/chosen_random_clips/cleaned/./GA287_180408_0302_bout4_2522s_3154s.wav
Saved: /data/larsonlab/ihudsonfoy/allsongs1/chosen_random_clips/cleaned/./DQ.PF70_260116_0898_bout24_6150s_6474s.wav
Saved: /data/larsonlab/ihudsonfoy/allsongs1/chosen_random_clips/cleaned/./PF.EH61.11_181024_0762_bout22_4352s_4364s.wav
Saved: /data/larsonlab/ihudsonfoy/allsongs1/chosen_random_clips/cleaned/./PF.PF83_181203_0928_bout9_5052s_5110s.wav
Saved: /data/larsonlab/ihudsonfoy/allsongs1/chosen_random_clips/cleaned/./ES123_180402_0314_bout51_10368s_10402s.wav
Saved: /data/larsonlab/ihudsonfoy/allsongs1/chosen_random_clips/cleaned/./FB82_250501_0268_bout11_3594s_3622s.wav
Saved: /data/larsonlab/ihudsonfoy/allsongs1/chosen_random_clips/cleaned/./PF.PF83_181203_0929_bout3_266s_2482s.wav
Saved: /data/larsonlab/ihudsonfoy/allsongs1/chosen_random_clips/cleaned/./DQ191_180102_0313_bout15_10232s_11604s.wav
Saved: /data/larsonlab/ihudsonfoy/allsongs1/chosen_random_clips/cleaned/./PF.GA3.2_260129_0952_bout55_7906s_7918s.wav
Saved: /data/larsonlab/ihudsonfoy/allsongs1/chosen_random_clips/cleaned/./GA336_180421_0522_bout2_2208s_2222s.wav
Saved: /data/larsonlab/ihudsonfoy/allsongs1/chosen_random_clips/cleaned/./PF5.002_1_250407_0109_bout8_9070s_9610s.wav
Saved: /data/larsonlab/ihudsonfoy/allsongs1/chosen_random_clips/cleaned/./PF11.4_250428_0270_bout24_3790s_3820s.wav
Saved: /data/larsonlab/ihudsonfoy/allsongs1/chosen_random_clips/cleaned/./PF.GA15_181101_1267_bout15_7616s_7648s.wav
Saved: /data/larsonlab/ihudsonfoy/allsongs1/chosen_random_clips/cleaned/./PF.PF64_260331_0916_bout12_4852s_4912s.wav
Saved: /data/larsonlab/ihudsonfoy/allsongs1/chosen_random_clips/cleaned/./PF.PF85_181207_0584_bout44_9654s_9686s.wav
Saved: /data/larsonlab/ihudsonfoy/allsongs1/chosen_random_clips/cleaned/./PF.PF80_181204_1403_bout8_8644s_8746s.wav
Saved: /data/larsonlab/ihudsonfoy/allsongs1/chosen_random_clips/cleaned/./PF.PF73_181203_1395_bout12_9588s_9814s.wav
Saved: /data/larsonlab/ihudsonfoy/allsongs1/chosen_random_clips/cleaned/./PF.EH35.18_260227_0783_bout22_1268s_1288s.wav
Saved: /data/larsonlab/ihudsonfoy/allsongs1/chosen_random_clips/cleaned/./HG020_180520_0405_bout1_6s_304s.wav
Saved: /data/larsonlab/ihudsonfoy/allsongs1/chosen_random_clips/cleaned/./PF.EH59.28_260301_1138_bout98_7958s_7982s.wav
Saved: /data/larsonlab/ihudsonfoy/allsongs1/chosen_random_clips/cleaned/./PF.PF73_181203_1395_bout10_9526s_9558s.wav
Saved: /data/larsonlab/ihudsonfoy/allsongs1/chosen_random_clips/cleaned/./DQ201_180105_0019_bout6_1918s_2218s.wav
Saved: /data/larsonlab/ihudsonfoy/allsongs1/chosen_random_clips/cleaned/./PF.GA19_260318_1250_bout4_11348s_11532s.wav
Saved: /data/larsonlab/ihudsonfoy/allsongs1/chosen_random_clips/cleaned/./ES099_241213_0082_bout23_9282s_9308s.wav
Saved: /data/larsonlab/ihudsonfoy/allsongs1/chosen_random_clips/cleaned/./GA336_180421_0526_bout3_1432s_1920s.wav
Saved: /data/larsonlab/ihudsonfoy/allsongs1/chosen_random_clips/cleaned/./PF40.1_trapped_180404_0245_bout7_7718s_7752s.wav
Saved: /data/larsonlab/ihudsonfoy/allsongs1/chosen_random_clips/cleaned/./PF.PF91_181218_1455_bout178_10544s_10554s.wav
Saved: /data/larsonlab/ihudsonfoy/allsongs1/chosen_random_clips/cleaned/./GA286_180408_0470_bout4_2910s_2956s.wav
Saved: /data/larsonlab/ihudsonfoy/allsongs1/chosen_random_clips/cleaned/./PF.EH35.19_260226_1119_bout11_8838s_8866s.wav
Saved: /data/larsonlab/ihudsonfoy/allsongs1/chosen_random_clips/cleaned/./DQ.PF78_260123_0929_bout9_7486s_7516s.wav
Saved: /data/larsonlab/ihudsonfoy/allsongs1/chosen_random_clips/cleaned/./DQ.PF73_180910_0359_bout25_23620s_23726s.wav
Saved: /data/larsonlab/ihudsonfoy/allsongs1/chosen_random_clips/cleaned/./PF31.1_180329_0438_bout4_5470s_5488s.wav
Saved: /data/larsonlab/ihudsonfoy/allsongs1/chosen_random_clips/cleaned/./PF.PF73_2_260416_0954_bout27_8014s_8062s.wav
Saved: /data/larsonlab/ihudsonfoy/allsongs1/chosen_random_clips/cleaned/./PF5.002_1_250405_0100_bout34_11526s_11804s.wav
Saved: /data/larsonlab/ihudsonfoy/allsongs1/chosen_random_clips/cleaned/./ES126b_180410_0500_bout1_0s_84s.wav
Saved: /data/larsonlab/ihudsonfoy/allsongs1/chosen_random_clips/cleaned/./DQ191_180102_0314_bout31_5058s_5136s.wav
Saved: /data/larsonlab/ihudsonfoy/allsongs1/chosen_random_clips/cleaned/./EP045_180331_0433_bout1_7808s_7846s.wav
Saved: /data/larsonlab/ihudsonfoy/allsongs1/chosen_random_clips/cleaned/./PF.PF64_260331_0916_bout23_7440s_7472s.wav
Saved: /data/larsonlab/ihudsonfoy/allsongs1/chosen_random_clips/cleaned/./EP127_180416_0324_bout5_8884s_9306s.wav
Saved: /data/larsonlab/ihudsonfoy/allsongs1/chosen_random_clips/cleaned/./GA359_180420_0547_bout5_11262s_11308s.wav
Saved: /data/larsonlab/ihudsonfoy/allsongs1/chosen_random_clips/cleaned/./EH286_180413_0338_bout1_5048s_5056s.wav
Saved: /data/larsonlab/ihudsonfoy/allsongs1/chosen_random_clips/cleaned/./PF.PF82_181210_0426_bout15_8972s_8996s.wav
Saved: /data/larsonlab/ihudsonfoy/allsongs1/chosen_random_clips/cleaned/./FB84_250501_0293_bout24_10942s_10986s.wav
Saved: /data/larsonlab/ihudsonfoy/allsongs1/chosen_random_clips/cleaned/./HO81_180102_0006_bout21_2356s_2388s.wav
Saved: /data/larsonlab/ihudsonfoy/allsongs1/chosen_random_clips/cleaned/./EH182_2_250408_0136_bout1_11402s_11550s.wav
Saved: /data/larsonlab/ihudsonfoy/allsongs1/chosen_random_clips/cleaned/./GA218_250424_0217_bout1_5542s_5738s.wav
Saved: /data/larsonlab/ihudsonfoy/allsongs1/chosen_random_clips/cleaned/./PF.GA13_260307_1190_bout4_4632s_4674s.wav
Saved: /data/larsonlab/ihudsonfoy/allsongs1/chosen_random_clips/cleaned/./PF37.1_1_250415_0149_bout82_7350s_7458s.wav
Saved: /data/larsonlab/ihudsonfoy/allsongs1/chosen_random_clips/cleaned/./GA279_250812_0214_bout105_9084s_9100s.wav
Saved: /data/larsonlab/ihudsonfoy/allsongs1/chosen_random_clips/cleaned/./PF.EH61.10_260302_1146_bout26_6954s_6976s.wav
Saved: /data/larsonlab/ihudsonfoy/allsongs1/chosen_random_clips/cleaned/./ES115_180331_0095_bout3_14034s_14104s.wav
Saved: /data/larsonlab/ihudsonfoy/allsongs1/chosen_random_clips/cleaned/./Devo_133_180914_0556_bout54_9330s_9354s.wav
Saved: /data/larsonlab/ihudsonfoy/allsongs1/chosen_random_clips/cleaned/./PF.EH60.14_181019_0727_bout3_8224s_8390s.wav
Saved: /data/larsonlab/ihudsonfoy/allsongs1/chosen_random_clips/cleaned/./Devo_133_180914_0556_bout3_360s_380s.wav
Saved: /data/larsonlab/ihudsonfoy/allsongs1/chosen_random_clips/cleaned/./EH.PF7_180922_1050_bout4_5310s_5590s.wav
Saved: /data/larsonlab/ihudsonfoy/allsongs1/chosen_random_clips/cleaned/./PF26.5_180407_0291_bout2_6682s_6898s.wav
Saved: /data/larsonlab/ihudsonfoy/allsongs1/chosen_random_clips/cleaned/./PF.PF55_181111_0537_bout5_1490s_1772s.wav
Saved: /data/larsonlab/ihudsonfoy/allsongs1/chosen_random_clips/cleaned/./GA286_180408_0471_bout11_5892s_6030s.wav
Saved: /data/larsonlab/ihudsonfoy/allsongs1/chosen_random_clips/cleaned/./PF.EH69.20_181021_0741_bout14_4520s_4792s.wav
Saved: /data/larsonlab/ihudsonfoy/allsongs1/chosen_random_clips/cleaned/./PF.EH59.29_181021_0141_bout5_2188s_2326s.wav
Saved: /data/larsonlab/ihudsonfoy/allsongs1/chosen_random_clips/cleaned/./EP125_180417_0516_bout11_7130s_7698s.wav
Saved: /data/larsonlab/ihudsonfoy/allsongs1/chosen_random_clips/cleaned/./PF.GA20_2_181115_0213_bout7_3098s_3178s.wav
Saved: /data/larsonlab/ihudsonfoy/allsongs1/chosen_random_clips/cleaned/./FB127_250513_0152_bout1_8972s_9026s.wav
Saved: /data/larsonlab/ihudsonfoy/allsongs1/chosen_random_clips/cleaned/./PF.GA9_260228_0790_bout51_7146s_7240s.wav
Saved: /data/larsonlab/ihudsonfoy/allsongs1/chosen_random_clips/cleaned/./GA309_180415_0135_bout7_6848s_6882s.wav
Saved: /data/larsonlab/ihudsonfoy/allsongs1/chosen_random_clips/cleaned/./GA289_180408_0271_bout34_8734s_10114s.wav
Saved: /data/larsonlab/ihudsonfoy/allsongs1/chosen_random_clips/cleaned/./EP043_250806_0169_bout19_1940s_1964s.wav
Saved: /data/larsonlab/ihudsonfoy/allsongs1/chosen_random_clips/cleaned/./chosen_random_clips_FB123_long_180112_0042_bout28_15772s_15780s.wav
Saved: /data/larsonlab/ihudsonfoy/allsongs1/chosen_random_clips/cleaned/./GA276_trapped_180404_0465_bout6_9330s_10308s.wav
Saved: /data/larsonlab/ihudsonfoy/allsongs1/chosen_random_clips/cleaned/./PF.EH35.15_260225_1109_bout178_9428s_9454s.wav
Saved: /data/larsonlab/ihudsonfoy/allsongs1/chosen_random_clips/cleaned/./DQ206_180103_0148_bout17_708s_756s.wav
Saved: /data/larsonlab/ihudsonfoy/allsongs1/chosen_random_clips/cleaned/./PF.EH35.13_260223_1097_bout11_7234s_7302s.wav
Saved: /data/larsonlab/ihudsonfoy/allsongs1/chosen_random_clips/cleaned/./EH210_250422_0041_bout3_5518s_5536s.wav
Saved: /data/larsonlab/ihudsonfoy/allsongs1/chosen_random_clips/cleaned/./PF.EH35.17_260225_1111_bout11_9910s_9946s.wav
Saved: /data/larsonlab/ihudsonfoy/allsongs1/chosen_random_clips/cleaned/./PF9.11_250428_0055_bout3_4892s_5256s.wav
Saved: /data/larsonlab/ihudsonfoy/allsongs1/chosen_random_clips/cleaned/./DQ.PF78_260123_0927_bout5_7828s_7848s.wav
Saved: /data/larsonlab/ihudsonfoy/allsongs1/chosen_random_clips/cleaned/./EH229_250426_0070_bout69_10288s_10322s.wav
Saved: /data/larsonlab/ihudsonfoy/allsongs1/chosen_random_clips/cleaned/./GA218_250424_0217_bout2_5766s_5854s.wav
Saved: /data/larsonlab/ihudsonfoy/allsongs1/chosen_random_clips/cleaned/./DQ.PF60_260114_0883_bout5_11150s_11516s.wav
Saved: /data/larsonlab/ihudsonfoy/allsongs1/chosen_random_clips/cleaned/./HO39_250430_0100_bout260_10456s_10472s.wav
Saved: /data/larsonlab/ihudsonfoy/allsongs1/chosen_random_clips/cleaned/./GA296_180410_0472_bout12_4192s_4904s.wav
Saved: /data/larsonlab/ihudsonfoy/allsongs1/chosen_random_clips/cleaned/./GA294_180409_0278_bout59_6252s_6310s.wav
Saved: /data/larsonlab/ihudsonfoy/allsongs1/chosen_random_clips/cleaned/./HO.PF13_180831_0344_bout3_10344s_10530s.wav
Saved: /data/larsonlab/ihudsonfoy/allsongs1/chosen_random_clips/cleaned/./PF40.2_180403_0492_bout32_8434s_8468s.wav
Saved: /data/larsonlab/ihudsonfoy/allsongs1/chosen_random_clips/cleaned/./PF.GA16_181031_0506_bout9_18358s_18458s.wav
Saved: /data/larsonlab/ihudsonfoy/allsongs1/chosen_random_clips/cleaned/./PF.EH35.21_181022_1198_bout176_9970s_10008s.wav
Saved: /data/larsonlab/ihudsonfoy/allsongs1/chosen_random_clips/cleaned/./HO.PF10_260105_0640_bout6_274s_338s.wav
Saved: /data/larsonlab/ihudsonfoy/allsongs1/chosen_random_clips/cleaned/./PF26.6_trapped_250809_0192_bout9_8708s_8740s.wav
Saved: /data/larsonlab/ihudsonfoy/allsongs1/chosen_random_clips/cleaned/./Devo_133_180914_0553_bout19_9262s_9282s.wav
Saved: /data/larsonlab/ihudsonfoy/allsongs1/chosen_random_clips/cleaned/./ES126_180402_0231_bout3_4012s_4812s.wav
Saved: /data/larsonlab/ihudsonfoy/allsongs1/chosen_random_clips/cleaned/./FB161_long_180123_0184_bout3_2168s_3052s.wav
Saved: /data/larsonlab/ihudsonfoy/allsongs1/chosen_random_clips/cleaned/./FB123_long_180112_0042_bout28_15772s_15780s.wav
Saved: /data/larsonlab/ihudsonfoy/allsongs1/chosen_random_clips/cleaned/./ES127_250816_0248_bout10_9306s_9342s.wav
Saved: /data/larsonlab/ihudsonfoy/allsongs1/chosen_random_clips/cleaned/./EP124_180416_0141_bout25_7692s_7756s.wav
Saved: /data/larsonlab/ihudsonfoy/allsongs1/chosen_random_clips/cleaned/./EH232_250427_0079_bout51_12060s_12167s.wav
Saved: /data/larsonlab/ihudsonfoy/allsongs1/chosen_random_clips/cleaned/./GA275_180401_0446_bout5_2626s_2876s.wav
Saved: /data/larsonlab/ihudsonfoy/allsongs1/chosen_random_clips/cleaned/./GA225_250503_0284_bout74_10122s_10322s.wav
Saved: /data/larsonlab/ihudsonfoy/allsongs1/chosen_random_clips/cleaned/./DQ.PF1_180828_0970_bout113_8324s_8412s.wav
Saved: /data/larsonlab/ihudsonfoy/allsongs1/chosen_random_clips/cleaned/./EP128_250821_0272_bout1_2162s_2502s.wav
Saved: /data/larsonlab/ihudsonfoy/allsongs1/chosen_random_clips/cleaned/./PF26.17_250811_0338_bout48_3710s_3728s.wav
Saved: /data/larsonlab/ihudsonfoy/allsongs1/chosen_random_clips/cleaned/./PF.GA13_260307_1190_bout9_8220s_8264s.wav
Saved: /data/larsonlab/ihudsonfoy/allsongs1/chosen_random_clips/cleaned/./HO.PF5_180829_0338_bout6_4500s_5974s.wav
Saved: /data/larsonlab/ihudsonfoy/allsongs1/chosen_random_clips/cleaned/./PF26.8_250812_0218_bout5_11110s_11178s.wav
Saved: /data/larsonlab/ihudsonfoy/allsongs1/chosen_random_clips/cleaned/./EH231_250427_0263_bout4_9994s_10968s.wav
Saved: /data/larsonlab/ihudsonfoy/allsongs1/chosen_random_clips/cleaned/./PF.PF81_181203_0581_bout5_514s_684s.wav
Saved: /data/larsonlab/ihudsonfoy/allsongs1/chosen_random_clips/cleaned/./EH234_250504_0294_bout38_6542s_6630s.wav
Saved: /data/larsonlab/ihudsonfoy/allsongs1/chosen_random_clips/cleaned/./EH271_180103_0010_bout17_17212s_17318s.wav
Saved: /data/larsonlab/ihudsonfoy/allsongs1/chosen_random_clips/cleaned/./HO37_250426_0041_bout16_11014s_11092s.wav
Saved: /data/larsonlab/ihudsonfoy/allsongs1/chosen_random_clips/cleaned/./FB128_180108_0027_bout28_9946s_10462s.wav
Saved: /data/larsonlab/ihudsonfoy/allsongs1/chosen_random_clips/cleaned/./GA331_250825_0283_bout42_12036s_12150s.wav
Saved: /data/larsonlab/ihudsonfoy/allsongs1/chosen_random_clips/cleaned/./PF.PF56_181111_0866_bout16_8740s_10098s.wav
Saved: /data/larsonlab/ihudsonfoy/allsongs1/chosen_random_clips/cleaned/./PF.PF56_181111_0865_bout1_4780s_4802s.wav
Saved: /data/larsonlab/ihudsonfoy/allsongs1/chosen_random_clips/cleaned/./EH285_250818_0262_bout2_4064s_4772s.wav
Saved: /data/larsonlab/ihudsonfoy/allsongs1/chosen_random_clips/cleaned/./PF.GA24_181210_0950_bout3_8390s_8416s.wav
Saved: /data/larsonlab/ihudsonfoy/allsongs1/chosen_random_clips/cleaned/./GA333_180420_0357_bout1_8966s_9460s.wav
Saved: /data/larsonlab/ihudsonfoy/allsongs1/chosen_random_clips/cleaned/./EP125_180417_0515_bout3_3726s_3784s.wav
Saved: /data/larsonlab/ihudsonfoy/allsongs1/chosen_random_clips/cleaned/./HO.PF37_260205_0685_bout2_10562s_10582s.wav
Saved: /data/larsonlab/ihudsonfoy/allsongs1/chosen_random_clips/cleaned/./GA305_250820_0268_bout1_4170s_4224s.wav
Saved: /data/larsonlab/ihudsonfoy/allsongs1/chosen_random_clips/cleaned/./PF26.11_trapped_250810_0325_bout69_9138s_9404s.wav
Saved: /data/larsonlab/ihudsonfoy/allsongs1/chosen_random_clips/cleaned/./PF.PF83_181203_0928_bout1_4292s_4350s.wav
Saved: /data/larsonlab/ihudsonfoy/allsongs1/chosen_random_clips/cleaned/./HO.PF37_260205_0685_bout6_11468s_11668s.wav
Saved: /data/larsonlab/ihudsonfoy/allsongs1/chosen_random_clips/cleaned/./DQ.PF63_180908_0350_bout30_12230s_12390s.wav
Saved: /data/larsonlab/ihudsonfoy/allsongs1/chosen_random_clips/cleaned/./EH233_250426_0119_bout14_10686s_10714s.wav
Saved: /data/larsonlab/ihudsonfoy/allsongs1/chosen_random_clips/cleaned/./DQ.PF60_260114_0884_bout10_4700s_4874s.wav
Saved: /data/larsonlab/ihudsonfoy/allsongs1/chosen_random_clips/cleaned/./FB125_long_180111_0365_bout1_4578s_4642s.wav
Saved: /data/larsonlab/ihudsonfoy/allsongs1/chosen_random_clips/cleaned/./PF.GA21_181118_1345_bout1_11874s_11886s.wav
Saved: /data/larsonlab/ihudsonfoy/allsongs1/chosen_random_clips/cleaned/./DQ.PF81_180917_0372_bout1_194s_252s.wav
Saved: /data/larsonlab/ihudsonfoy/allsongs1/chosen_random_clips/cleaned/./PF.EH35.17_260225_1111_bout10_6804s_6936s.wav
Saved: /data/larsonlab/ihudsonfoy/allsongs1/chosen_random_clips/cleaned/./PF.EH35.21_181022_1201_bout5_170s_450s.wav
Saved: /data/larsonlab/ihudsonfoy/allsongs1/chosen_random_clips/cleaned/./PF26.3_180330_0294_bout1_5960s_6600s.wav
Saved: /data/larsonlab/ihudsonfoy/allsongs1/chosen_random_clips/cleaned/./EH211_250421_0222_bout8_8918s_9012s.wav
Saved: /data/larsonlab/ihudsonfoy/allsongs1/chosen_random_clips/cleaned/./DQ.PF82_180917_0566_bout2_2338s_2550s.wav
Saved: /data/larsonlab/ihudsonfoy/allsongs1/chosen_random_clips/cleaned/./DQ.PF1_180828_0968_bout38_6678s_6698s.wav
Saved: /data/larsonlab/ihudsonfoy/allsongs1/chosen_random_clips/cleaned/./ES123_180402_0314_bout18_8036s_8082s.wav
Saved: /data/larsonlab/ihudsonfoy/allsongs1/chosen_random_clips/cleaned/./PF.GA3.01_260122_0921_bout20_7624s_7670s.wav
Saved: /data/larsonlab/ihudsonfoy/allsongs1/chosen_random_clips/cleaned/./FB129_180109_0355_bout7_2550s_2566s.wav
Saved: /data/larsonlab/ihudsonfoy/allsongs1/chosen_random_clips/cleaned/./ES098_241212_0059_bout2_120s_252s.wav
Saved: /data/larsonlab/ihudsonfoy/allsongs1/chosen_random_clips/cleaned/./PF.GA3.01_260122_0921_bout17_7468s_7486s.wav
Saved: /data/larsonlab/ihudsonfoy/allsongs1/chosen_random_clips/cleaned/./PF.GA3.2_260128_0949_bout38_8452s_8524s.wav
Saved: /data/larsonlab/ihudsonfoy/allsongs1/chosen_random_clips/cleaned/./HO.PF4_180830_0983_bout1_0s_162s.wav
Saved: /data/larsonlab/ihudsonfoy/allsongs1/chosen_random_clips/cleaned/./HJ020_180524_0597_bout7_4676s_4694s.wav
Saved: /data/larsonlab/ihudsonfoy/allsongs1/chosen_random_clips/cleaned/./PF.EH35.21_181022_1200_bout29_2396s_2448s.wav
Saved: /data/larsonlab/ihudsonfoy/allsongs1/chosen_random_clips/cleaned/./PF.EH59.28_260301_1139_bout33_1142s_1206s.wav
Saved: /data/larsonlab/ihudsonfoy/allsongs1/chosen_random_clips/cleaned/./PF37.31_250428_0086_bout4_9420s_9486s.wav
Saved: /data/larsonlab/ihudsonfoy/allsongs1/chosen_random_clips/cleaned/./PF37.41_250430_0287_bout26_5466s_5538s.wav
Saved: /data/larsonlab/ihudsonfoy/allsongs1/chosen_random_clips/cleaned/./PF.EH35.29_181023_0476_bout34_3548s_3574s.wav
Saved: /data/larsonlab/ihudsonfoy/allsongs1/chosen_random_clips/cleaned/./DQ208_180104_0016_bout5_13076s_13172s.wav
Saved: /data/larsonlab/ihudsonfoy/allsongs1/chosen_random_clips/cleaned/./DQ.PF80_180918_1047_bout1_616s_928s.wav
Saved: /data/larsonlab/ihudsonfoy/allsongs1/chosen_random_clips/cleaned/./PF.GA24_181210_0948_bout1_10968s_11116s.wav
Saved: /data/larsonlab/ihudsonfoy/allsongs1/chosen_random_clips/cleaned/./PF27.1_250816_0242_bout12_4230s_4376s.wav
Saved: /data/larsonlab/ihudsonfoy/allsongs1/chosen_random_clips/cleaned/./PF26.2_250805_0161_bout10_7866s_8378s.wav
Saved: /data/larsonlab/ihudsonfoy/allsongs1/chosen_random_clips/cleaned/./EP044_180402_0489_bout3_2948s_2970s.wav
Saved: /data/larsonlab/ihudsonfoy/allsongs1/chosen_random_clips/cleaned/./ES126b_180410_0502_bout10_2166s_2300s.wav
Saved: /data/larsonlab/ihudsonfoy/allsongs1/chosen_random_clips/cleaned/./PF13.1_250424_0214_bout1_7842s_7902s.wav
Saved: /data/larsonlab/ihudsonfoy/allsongs1/chosen_random_clips/cleaned/./HO.PF12_180901_1002_bout3_11100s_11232s.wav
Saved: /data/larsonlab/ihudsonfoy/allsongs1/chosen_random_clips/cleaned/./PF.GA12_260307_0839_bout5_4190s_4228s.wav
Saved: /data/larsonlab/ihudsonfoy/allsongs1/chosen_random_clips/cleaned/./PF.EH35.29_181023_0476_bout3_90s_166s.wav
Saved: /data/larsonlab/ihudsonfoy/allsongs1/chosen_random_clips/cleaned/./PF39.1_250807_0175_bout85_5972s_6006s.wav
Saved: /data/larsonlab/ihudsonfoy/allsongs1/chosen_random_clips/cleaned/./DQ.PF68_260115_0091_bout2_10978s_11012s.wav
Saved: /data/larsonlab/ihudsonfoy/allsongs1/chosen_random_clips/cleaned/./HO.PF36_260127_0936_bout9_3006s_3034s.wav
Saved: /data/larsonlab/ihudsonfoy/allsongs1/chosen_random_clips/cleaned/./EP126_180415_0532_bout16_7506s_10700s.wav
Saved: /data/larsonlab/ihudsonfoy/allsongs1/chosen_random_clips/cleaned/./DQ.PF66_180909_0355_bout14_22666s_23176s.wav
Saved: /data/larsonlab/ihudsonfoy/allsongs1/chosen_random_clips/cleaned/./PF38.14_250428_0246_bout62_10502s_10668s.wav
Saved: /data/larsonlab/ihudsonfoy/allsongs1/chosen_random_clips/cleaned/./PF.GA19_260318_1250_bout5_11542s_12004s.wav
Saved: /data/larsonlab/ihudsonfoy/allsongs1/chosen_random_clips/cleaned/./EH229_250425_0066_bout55_6966s_7022s.wav
Saved: /data/larsonlab/ihudsonfoy/allsongs1/chosen_random_clips/cleaned/./ES123_180402_0316_bout5_104s_138s.wav
Saved: /data/larsonlab/ihudsonfoy/allsongs1/chosen_random_clips/cleaned/./GA278_trapped_180405_0505_bout12_3424s_3444s.wav
Saved: /data/larsonlab/ihudsonfoy/allsongs1/chosen_random_clips/cleaned/./ES135_180411_0507_bout4_210s_312s.wav
Saved: /data/larsonlab/ihudsonfoy/allsongs1/chosen_random_clips/cleaned/./HO38_250429_0091_bout10_8058s_8206s.wav
Saved: /data/larsonlab/ihudsonfoy/allsongs1/chosen_random_clips/cleaned/./FB82_250501_0268_bout3_1766s_1926s.wav
Saved: /data/larsonlab/ihudsonfoy/allsongs1/chosen_random_clips/cleaned/./ES134_180412_0487_bout40_9438s_9472s.wav
Saved: /data/larsonlab/ihudsonfoy/allsongs1/chosen_random_clips/cleaned/./PF.EH69.18_181020_0466_bout17_2426s_2712s.wav
Saved: /data/larsonlab/ihudsonfoy/allsongs1/chosen_random_clips/cleaned/./GA289_180408_0268_bout18_3130s_3238s.wav
Saved: /data/larsonlab/ihudsonfoy/allsongs1/chosen_random_clips/cleaned/./PF.PF81_181203_0580_bout35_20174s_20358s.wav
Saved: /data/larsonlab/ihudsonfoy/allsongs1/chosen_random_clips/cleaned/./HJ020_180524_0597_bout6_4608s_4650s.wav
Saved: /data/larsonlab/ihudsonfoy/allsongs1/chosen_random_clips/cleaned/./ES134_180412_0488_bout3_50s_102s.wav
Saved: /data/larsonlab/ihudsonfoy/allsongs1/chosen_random_clips/cleaned/./PF27.1_250816_0242_bout17_4916s_5192s.wav
Saved: /data/larsonlab/ihudsonfoy/allsongs1/chosen_random_clips/cleaned/./HO111_long_250522_0211_bout8_6832s_6874s.wav
Saved: /data/larsonlab/ihudsonfoy/allsongs1/chosen_random_clips/cleaned/./DQ148_250424_0102_bout30_8316s_8388s.wav
Saved: /data/larsonlab/ihudsonfoy/allsongs1/chosen_random_clips/cleaned/./ES125_250808_0186_bout7_4578s_4592s.wav
Saved: /data/larsonlab/ihudsonfoy/allsongs1/chosen_random_clips/cleaned/./HO85_180104_0154_bout1_8720s_8888s.wav
Saved: /data/larsonlab/ihudsonfoy/allsongs1/chosen_random_clips/cleaned/./PF26.2_250805_0161_bout9_7000s_7408s.wav
Saved: /data/larsonlab/ihudsonfoy/allsongs1/chosen_random_clips/cleaned/./PF31.2_180330_0090_bout53_10588s_10672s.wav
Saved: /data/larsonlab/ihudsonfoy/allsongs1/chosen_random_clips/cleaned/./PF26.11_trapped_250809_0318_bout53_4644s_4664s.wav
Saved: /data/larsonlab/ihudsonfoy/allsongs1/chosen_random_clips/cleaned/./PF.PF73_2_260416_0954_bout18_4706s_5338s.wav
Saved: /data/larsonlab/ihudsonfoy/allsongs1/chosen_random_clips/cleaned/./PF.PF56_181111_0867_bout12_11928s_12167s.wav
Saved: /data/larsonlab/ihudsonfoy/allsongs1/chosen_random_clips/cleaned/./EH280_250818_0369_bout6_2790s_2820s.wav
Saved: /data/larsonlab/ihudsonfoy/allsongs1/chosen_random_clips/cleaned/./EH284_180414_0501_bout18_3826s_3902s.wav
Saved: /data/larsonlab/ihudsonfoy/allsongs1/chosen_random_clips/cleaned/./ES126b_180410_0498_bout1_2614s_3220s.wav
Saved: /data/larsonlab/ihudsonfoy/allsongs1/chosen_random_clips/cleaned/./FB161_long_180123_0184_bout2_1754s_2128s.wav
Saved: /data/larsonlab/ihudsonfoy/allsongs1/chosen_random_clips/cleaned/./PF.GA23_181118_0347_bout38_11242s_11264s.wav
Saved: /data/larsonlab/ihudsonfoy/allsongs1/chosen_random_clips/cleaned/./DQ193_180103_0322_bout14_744s_802s.wav
Saved: /data/larsonlab/ihudsonfoy/allsongs1/chosen_random_clips/cleaned/./HO39_250430_0099_bout270_10536s_10550s.wav
Saved: /data/larsonlab/ihudsonfoy/allsongs1/chosen_random_clips/cleaned/./HO.PF37_260205_0685_bout5_11378s_11440s.wav
Saved: /data/larsonlab/ihudsonfoy/allsongs1/chosen_random_clips/cleaned/./PF3.2_180110_0036_bout6_2508s_2542s.wav
Saved: /data/larsonlab/ihudsonfoy/allsongs1/chosen_random_clips/cleaned/./ES128_180411_0322_bout7_1882s_2058s.wav
Saved: /data/larsonlab/ihudsonfoy/allsongs1/chosen_random_clips/cleaned/./GA334_180420_0144_bout2_6278s_6438s.wav
Saved: /data/larsonlab/ihudsonfoy/allsongs1/chosen_random_clips/cleaned/./FB128_180108_0028_bout19_10004s_10192s.wav
Saved: /data/larsonlab/ihudsonfoy/allsongs1/chosen_random_clips/cleaned/./ES132_180410_0284_bout55_11538s_11716s.wav
Saved: /data/larsonlab/ihudsonfoy/allsongs1/chosen_random_clips/cleaned/./PF.PF86_181207_0934_bout11_6734s_6862s.wav
Saved: /data/larsonlab/ihudsonfoy/allsongs1/chosen_random_clips/cleaned/./GA361_180422_0531_bout17_8814s_9578s.wav
Saved: /data/larsonlab/ihudsonfoy/allsongs1/chosen_random_clips/cleaned/./ES135_180411_0507_bout21_11728s_12016s.wav
Saved: /data/larsonlab/ihudsonfoy/allsongs1/chosen_random_clips/cleaned/./PF.PF64_260331_0916_bout28_7566s_7932s.wav
Saved: /data/larsonlab/ihudsonfoy/allsongs1/chosen_random_clips/cleaned/./GA294_180409_0278_bout43_5226s_5250s.wav
Saved: /data/larsonlab/ihudsonfoy/allsongs1/chosen_random_clips/cleaned/./PF9.001_2_250404_0103_bout30_11076s_11254s.wav
Saved: /data/larsonlab/ihudsonfoy/allsongs1/chosen_random_clips/cleaned/./HO.PF4_180830_0982_bout5_3204s_3226s.wav
Saved: /data/larsonlab/ihudsonfoy/allsongs1/chosen_random_clips/cleaned/./DQ203_250511_0133_bout8_5464s_5488s.wav
Saved: /data/larsonlab/ihudsonfoy/allsongs1/chosen_random_clips/cleaned/./PF.GA21_181118_1346_bout1_5488s_5820s.wav
Saved: /data/larsonlab/ihudsonfoy/allsongs1/chosen_random_clips/cleaned/./GA292_180409_0308_bout1_3004s_3022s.wav
Saved: /data/larsonlab/ihudsonfoy/allsongs1/chosen_random_clips/cleaned/./FB83_250430_0104_bout73_6838s_6876s.wav
Saved: /data/larsonlab/ihudsonfoy/allsongs1/chosen_random_clips/cleaned/./PF39.1_250806_0174_bout64_4580s_4596s.wav
Saved: /data/larsonlab/ihudsonfoy/allsongs1/chosen_random_clips/cleaned/./ES124b_250816_0352_bout1_7490s_7828s.wav
Saved: /data/larsonlab/ihudsonfoy/allsongs1/chosen_random_clips/cleaned/./EP129_250822_0393_bout6_768s_902s.wav
Saved: /data/larsonlab/ihudsonfoy/allsongs1/chosen_random_clips/cleaned/./HO.PF2_180827_0331_bout2_304s_422s.wav
Saved: /data/larsonlab/ihudsonfoy/allsongs1/chosen_random_clips/cleaned/./PF.PF85_181207_0584_bout1_0s_150s.wav
Saved: /data/larsonlab/ihudsonfoy/allsongs1/chosen_random_clips/cleaned/./PF.PF91_181218_1453_bout6_8982s_9268s.wav
Saved: /data/larsonlab/ihudsonfoy/allsongs1/chosen_random_clips/cleaned/./EH.PF8_180924_1069_bout2_11872s_11954s.wav
Saved: /data/larsonlab/ihudsonfoy/allsongs1/chosen_random_clips/cleaned/./PF.GA20_181106_0195_bout11_11554s_11642s.wav
Saved: /data/larsonlab/ihudsonfoy/allsongs1/chosen_random_clips/cleaned/./EH279_180412_0331_bout32_10038s_10906s.wav
Saved: /data/larsonlab/ihudsonfoy/allsongs1/chosen_random_clips/cleaned/./PF.EH59.19_181015_0116_bout115_16482s_16512s.wav
Saved: /data/larsonlab/ihudsonfoy/allsongs1/chosen_random_clips/cleaned/./PF26.10_trapped_180403_0327_bout2_772s_832s.wav
Saved: /data/larsonlab/ihudsonfoy/allsongs1/chosen_random_clips/cleaned/./EH259_2_250503_0122_bout27_8576s_8726s.wav
Saved: /data/larsonlab/ihudsonfoy/allsongs1/chosen_random_clips/cleaned/./GA292_180409_0310_bout4_4112s_4188s.wav
Saved: /data/larsonlab/ihudsonfoy/allsongs1/chosen_random_clips/cleaned/./PF.GA24_181210_0945_bout2_8264s_8276s.wav
Saved: /data/larsonlab/ihudsonfoy/allsongs1/chosen_random_clips/cleaned/./FB85_250502_0159_bout6_1722s_1848s.wav
Saved: /data/larsonlab/ihudsonfoy/allsongs1/chosen_random_clips/cleaned/./GA305_250821_0270_bout3_4346s_4384s.wav
Saved: /data/larsonlab/ihudsonfoy/allsongs1/chosen_random_clips/cleaned/./HO37_250426_0042_bout4_2162s_2178s.wav
Saved: /data/larsonlab/ihudsonfoy/allsongs1/chosen_random_clips/cleaned/./FB131_long_180112_0377_bout3_11786s_11806s.wav
Saved: /data/larsonlab/ihudsonfoy/allsongs1/chosen_random_clips/cleaned/./PF39.1_250806_0174_bout34_2534s_2544s.wav
Saved: /data/larsonlab/ihudsonfoy/allsongs1/chosen_random_clips/cleaned/./EH287_250818_0376_bout5_5900s_6814s.wav
Saved: /data/larsonlab/ihudsonfoy/allsongs1/chosen_random_clips/cleaned/./PF.EH35.27_181024_1203_bout127_9736s_9796s.wav
Saved: /data/larsonlab/ihudsonfoy/allsongs1/chosen_random_clips/cleaned/./HO.PF12_180901_1003_bout2_140s_176s.wav
Saved: /data/larsonlab/ihudsonfoy/allsongs1/chosen_random_clips/cleaned/./ES127_250816_0249_bout2_1280s_1506s.wav
Saved: /data/larsonlab/ihudsonfoy/allsongs1/chosen_random_clips/cleaned/./PF40.1_trapped_180404_0245_bout23_9810s_9876s.wav
Saved: /data/larsonlab/ihudsonfoy/allsongs1/chosen_random_clips/cleaned/./PF5.6_250424_0056_bout20_7764s_7826s.wav
Saved: /data/larsonlab/ihudsonfoy/allsongs1/chosen_random_clips/cleaned/./PF31.2_180330_0092_bout67_17270s_17336s.wav
Saved: /data/larsonlab/ihudsonfoy/allsongs1/chosen_random_clips/cleaned/./PF.PF58_181116_0871_bout19_4674s_4920s.wav
Saved: /data/larsonlab/ihudsonfoy/allsongs1/chosen_random_clips/cleaned/./PF26.1_250805_0295_bout3_11828s_11994s.wav
Saved: /data/larsonlab/ihudsonfoy/allsongs1/chosen_random_clips/cleaned/./HO.PF13_180831_0347_bout5_6252s_6432s.wav
Saved: /data/larsonlab/ihudsonfoy/allsongs1/chosen_random_clips/cleaned/./EP045_180331_0434_bout3_7022s_7044s.wav
Saved: /data/larsonlab/ihudsonfoy/allsongs1/chosen_random_clips/cleaned/./ES098_241211_0058_bout3_11850s_12144s.wav
Saved: /data/larsonlab/ihudsonfoy/allsongs1/chosen_random_clips/cleaned/./DQ.PF76_260119_0902_bout2_3278s_3334s.wav
Saved: /data/larsonlab/ihudsonfoy/allsongs1/chosen_random_clips/cleaned/./GA215_250422_0200_bout3_11616s_11670s.wav
Saved: /data/larsonlab/ihudsonfoy/allsongs1/chosen_random_clips/cleaned/./GA225_250503_0284_bout78_10806s_10850s.wav
Saved: /data/larsonlab/ihudsonfoy/allsongs1/chosen_random_clips/cleaned/./HO.PF11_260106_0877_bout5_9810s_9842s.wav
Saved: /data/larsonlab/ihudsonfoy/allsongs1/chosen_random_clips/cleaned/./FB123_long_180115_0055_bout5_1390s_1398s.wav
Saved: /data/larsonlab/ihudsonfoy/allsongs1/chosen_random_clips/cleaned/./PF.PF70_260415_1275_bout8_2730s_3546s.wav
Saved: /data/larsonlab/ihudsonfoy/allsongs1/chosen_random_clips/cleaned/./HO82_180102_0144_bout27_1246s_1342s.wav
Saved: /data/larsonlab/ihudsonfoy/allsongs1/chosen_random_clips/cleaned/./EH182_2_250408_0134_bout9_9606s_10448s.wav
Saved: /data/larsonlab/ihudsonfoy/allsongs1/chosen_random_clips/cleaned/./EP129_250822_0393_bout5_484s_756s.wav
Saved: /data/larsonlab/ihudsonfoy/allsongs1/chosen_random_clips/cleaned/./EH231_250427_0265_bout6_840s_862s.wav
Saved: /data/larsonlab/ihudsonfoy/allsongs1/chosen_random_clips/cleaned/./FB82_250501_0268_bout2_754s_1054s.wav
Saved: /data/larsonlab/ihudsonfoy/allsongs1/chosen_random_clips/cleaned/./PF26.7_180402_0104_bout42_21174s_21494s.wav
Saved: /data/larsonlab/ihudsonfoy/allsongs1/chosen_random_clips/cleaned/./EH229_250425_0068_bout39_8806s_8878s.wav
Saved: /data/larsonlab/ihudsonfoy/allsongs1/chosen_random_clips/cleaned/./FB161_long_180123_0184_bout1_1666s_1742s.wav
Saved: /data/larsonlab/ihudsonfoy/allsongs1/chosen_random_clips/cleaned/./FB127_250513_0153_bout2_2300s_2322s.wav
Saved: /data/larsonlab/ihudsonfoy/allsongs1/chosen_random_clips/cleaned/./HO.PF3_180827_0502_bout30_3664s_3700s.wav
Saved: /data/larsonlab/ihudsonfoy/allsongs1/chosen_random_clips/cleaned/./GA284_180407_0110_bout183_17558s_17566s.wav
Saved: /data/larsonlab/ihudsonfoy/allsongs1/chosen_random_clips/cleaned/./PF.GA12_260307_0839_bout10_10914s_11054s.wav
Saved: /data/larsonlab/ihudsonfoy/allsongs1/chosen_random_clips/cleaned/./PF.PF55_2_260325_0168_bout12_10832s_10920s.wav
Saved: /data/larsonlab/ihudsonfoy/allsongs1/chosen_random_clips/cleaned/./PF.PF80_181204_1403_bout3_1842s_1886s.wav
Saved: /data/larsonlab/ihudsonfoy/allsongs1/chosen_random_clips/cleaned/./DQ.PF81_180917_0371_bout8_17642s_17888s.wav
Saved: /data/larsonlab/ihudsonfoy/allsongs1/chosen_random_clips/cleaned/./PF26.5_180407_0291_bout3_6928s_6980s.wav
Saved: /data/larsonlab/ihudsonfoy/allsongs1/chosen_random_clips/cleaned/./PF.GA14_181027_0165_bout3_19250s_19526s.wav
Saved: /data/larsonlab/ihudsonfoy/allsongs1/chosen_random_clips/cleaned/./ES116_180331_0217_bout73_9752s_9824s.wav
Saved: /data/larsonlab/ihudsonfoy/allsongs1/chosen_random_clips/cleaned/./ES125_250808_0184_bout4_9472s_9494s.wav
Saved: /data/larsonlab/ihudsonfoy/allsongs1/chosen_random_clips/cleaned/./EP124_180416_0140_bout26_17684s_17796s.wav
Saved: /data/larsonlab/ihudsonfoy/allsongs1/chosen_random_clips/cleaned/./DQ.PF80_180918_1045_bout20_10280s_10404s.wav
Saved: /data/larsonlab/ihudsonfoy/allsongs1/chosen_random_clips/cleaned/./PF.EH60.15_260301_0798_bout1_0s_16s.wav
Saved: /data/larsonlab/ihudsonfoy/allsongs1/chosen_random_clips/cleaned/./EH259_250501_0112_bout32_11882s_12167s.wav
Saved: /data/larsonlab/ihudsonfoy/allsongs1/chosen_random_clips/cleaned/./GA288_250813_0225_bout1_11008s_11080s.wav
Saved: /data/larsonlab/ihudsonfoy/allsongs1/chosen_random_clips/cleaned/./PF26.7_180402_0104_bout6_1152s_1164s.wav
Saved: /data/larsonlab/ihudsonfoy/allsongs1/chosen_random_clips/cleaned/./PF.PF55_181111_0537_bout69_19858s_19912s.wav
Saved: /data/larsonlab/ihudsonfoy/allsongs1/chosen_random_clips/cleaned/./HO.PF7_180831_0992_bout3_1746s_1830s.wav
Saved: /data/larsonlab/ihudsonfoy/allsongs1/chosen_random_clips/cleaned/./DQ.PF76_260119_0902_bout1_2968s_3258s.wav
Saved: /data/larsonlab/ihudsonfoy/allsongs1/chosen_random_clips/cleaned/./EH276_180120_0433_bout8_8074s_8116s.wav
Saved: /data/larsonlab/ihudsonfoy/allsongs1/chosen_random_clips/cleaned/./HO.PF2_180827_0329_bout3_11248s_11570s.wav
Saved: /data/larsonlab/ihudsonfoy/allsongs1/chosen_random_clips/cleaned/./EH285_250818_0263_bout2_682s_880s.wav
Saved: /data/larsonlab/ihudsonfoy/allsongs1/chosen_random_clips/cleaned/./PF40.1_trapped_180404_0247_bout10_2374s_2410s.wav
Saved: /data/larsonlab/ihudsonfoy/allsongs1/chosen_random_clips/cleaned/./PF.GA3.2_260129_0950_bout3_208s_534s.wav
Saved: /data/larsonlab/ihudsonfoy/allsongs1/chosen_random_clips/cleaned/./ES131_180411_0292_bout60_7628s_7752s.wav
Saved: /data/larsonlab/ihudsonfoy/allsongs1/chosen_random_clips/cleaned/./PF3.2_180111_0039_bout40_6466s_6570s.wav
Saved: /data/larsonlab/ihudsonfoy/allsongs1/chosen_random_clips/cleaned/./PF26.1_250805_0296_bout2_230s_270s.wav
Saved: /data/larsonlab/ihudsonfoy/allsongs1/chosen_random_clips/cleaned/./PF.EH35.26_181025_1211_bout2_4384s_4410s.wav
Saved: /data/larsonlab/ihudsonfoy/allsongs1/chosen_random_clips/cleaned/./PF.GA11_181019_0131_bout3_14878s_14896s.wav
Saved: /data/larsonlab/ihudsonfoy/allsongs1/chosen_random_clips/cleaned/./ES137_180412_0129_bout9_3106s_3192s.wav
Saved: /data/larsonlab/ihudsonfoy/allsongs1/chosen_random_clips/cleaned/./EP127_180416_0321_bout17_3266s_3382s.wav
Saved: /data/larsonlab/ihudsonfoy/allsongs1/chosen_random_clips/cleaned/./PF.EH59.19_181015_0117_bout16_8412s_8482s.wav
Saved: /data/larsonlab/ihudsonfoy/allsongs1/chosen_random_clips/cleaned/./PF.PF86_181207_0933_bout30_3714s_5080s.wav
Saved: /data/larsonlab/ihudsonfoy/allsongs1/chosen_random_clips/cleaned/./DQ.PF74_180910_0549_bout7_4154s_4166s.wav
Saved: /data/larsonlab/ihudsonfoy/allsongs1/chosen_random_clips/cleaned/./EP041_180331_0304_bout3_5860s_5988s.wav
Saved: /data/larsonlab/ihudsonfoy/allsongs1/chosen_random_clips/cleaned/./PF.PF54_181112_1324_bout3_126s_388s.wav
Saved: /data/larsonlab/ihudsonfoy/allsongs1/chosen_random_clips/cleaned/./GA284_180407_0110_bout17_3284s_3302s.wav
Saved: /data/larsonlab/ihudsonfoy/allsongs1/chosen_random_clips/cleaned/./PF.EH60.16_181020_0137_bout5_2596s_2624s.wav
Saved: /data/larsonlab/ihudsonfoy/allsongs1/chosen_random_clips/cleaned/./PF.EH35.27_181024_1203_bout27_4400s_4436s.wav
Saved: /data/larsonlab/ihudsonfoy/allsongs1/chosen_random_clips/cleaned/./PF.EH35.15_260225_1109_bout144_7224s_7256s.wav
Saved: /data/larsonlab/ihudsonfoy/allsongs1/chosen_random_clips/cleaned/./PF.EH35.16_181016_0120_bout3_3390s_3408s.wav
Saved: /data/larsonlab/ihudsonfoy/allsongs1/chosen_random_clips/cleaned/./ES127_250816_0248_bout6_8544s_8682s.wav
Saved: /data/larsonlab/ihudsonfoy/allsongs1/chosen_random_clips/cleaned/./PF.GA9_260228_0787_bout18_7618s_7646s.wav
Saved: /data/larsonlab/ihudsonfoy/allsongs1/chosen_random_clips/cleaned/./DQ202_180104_0320_bout11_3116s_3790s.wav
Saved: /data/larsonlab/ihudsonfoy/allsongs1/chosen_random_clips/cleaned/./GA309_180415_0135_bout18_10816s_10882s.wav
Saved: /data/larsonlab/ihudsonfoy/allsongs1/chosen_random_clips/cleaned/./DQ.PF82_180917_0571_bout23_3676s_3688s.wav
Saved: /data/larsonlab/ihudsonfoy/allsongs1/chosen_random_clips/cleaned/./GA283_180406_0479_bout12_11360s_11972s.wav
Saved: /data/larsonlab/ihudsonfoy/allsongs1/chosen_random_clips/cleaned/./DQ203_250511_0134_bout3_2676s_2716s.wav
Saved: /data/larsonlab/ihudsonfoy/allsongs1/chosen_random_clips/cleaned/./PFx.1_2_250414_0226_bout34_10640s_10666s.wav
Saved: /data/larsonlab/ihudsonfoy/allsongs1/chosen_random_clips/cleaned/./EP125_180417_0518_bout2_330s_820s.wav
Saved: /data/larsonlab/ihudsonfoy/allsongs1/chosen_random_clips/cleaned/./GA284_180407_0110_bout95_10018s_10266s.wav
Saved: /data/larsonlab/ihudsonfoy/allsongs1/chosen_random_clips/cleaned/./PF.GA11_181019_0131_bout2_14854s_14864s.wav
Saved: /data/larsonlab/ihudsonfoy/allsongs1/chosen_random_clips/cleaned/./PF26.11_trapped_250810_0325_bout60_7956s_8084s.wav
Saved: /data/larsonlab/ihudsonfoy/allsongs1/chosen_random_clips/cleaned/./EH.PF8_180924_1067_bout1_10184s_10206s.wav
Saved: /data/larsonlab/ihudsonfoy/allsongs1/chosen_random_clips/cleaned/./PF31.2_180330_0090_bout38_9572s_9590s.wav
Saved: /data/larsonlab/ihudsonfoy/allsongs1/chosen_random_clips/cleaned/./PF31.1_180329_0438_bout7_5616s_5632s.wav
Saved: /data/larsonlab/ihudsonfoy/allsongs1/chosen_random_clips/cleaned/./ES133_180411_0124_bout7_16600s_16692s.wav
Saved: /data/larsonlab/ihudsonfoy/allsongs1/chosen_random_clips/cleaned/./ES115_180331_0097_bout7_3082s_4108s.wav
Saved: /data/larsonlab/ihudsonfoy/allsongs1/chosen_random_clips/cleaned/./PF.GA14_181027_0166_bout7_6590s_6688s.wav
Saved: /data/larsonlab/ihudsonfoy/allsongs1/chosen_random_clips/cleaned/./PF26.6_trapped_250809_0192_bout1_8232s_8262s.wav
Saved: /data/larsonlab/ihudsonfoy/allsongs1/chosen_random_clips/cleaned/./GA337_250826_0290_bout5_2268s_2306s.wav
Saved: /data/larsonlab/ihudsonfoy/allsongs1/chosen_random_clips/cleaned/./PF.GA20_2_181115_0212_bout1_2026s_2166s.wav
Saved: /data/larsonlab/ihudsonfoy/allsongs1/chosen_random_clips/cleaned/./ES130b_250816_0357_bout3_8966s_8976s.wav
Saved: /data/larsonlab/ihudsonfoy/allsongs1/chosen_random_clips/cleaned/./DQ.PF68_260115_0092_bout1_278s_432s.wav
Saved: /data/larsonlab/ihudsonfoy/allsongs1/chosen_random_clips/cleaned/./PF.GA16_181031_0506_bout4_15650s_15662s.wav
Saved: /data/larsonlab/ihudsonfoy/allsongs1/chosen_random_clips/cleaned/./PF5.001_1_250407_0119_bout40_6052s_6188s.wav
Saved: /data/larsonlab/ihudsonfoy/allsongs1/chosen_random_clips/cleaned/./DQ.PF81_180917_0372_bout6_9480s_10170s.wav
Saved: /data/larsonlab/ihudsonfoy/allsongs1/chosen_random_clips/cleaned/./PF.EH35.11_260224_0762_bout20_9078s_9108s.wav
Saved: /data/larsonlab/ihudsonfoy/allsongs1/chosen_random_clips/cleaned/./EP043_250806_0169_bout39_9378s_9414s.wav
Saved: /data/larsonlab/ihudsonfoy/allsongs1/chosen_random_clips/cleaned/./PF.GA20_181107_0196_bout5_5878s_5954s.wav
Saved: /data/larsonlab/ihudsonfoy/allsongs1/chosen_random_clips/cleaned/./EP128_250821_0273_bout13_10404s_10426s.wav
Saved: /data/larsonlab/ihudsonfoy/allsongs1/chosen_random_clips/cleaned/./PFx.1_2_250414_0226_bout28_8268s_8284s.wav
Saved: /data/larsonlab/ihudsonfoy/allsongs1/chosen_random_clips/cleaned/./PF.GA13_260308_1191_bout12_7964s_8002s.wav
Saved: /data/larsonlab/ihudsonfoy/allsongs1/chosen_random_clips/cleaned/./PF.PF92_181217_0606_bout12_19830s_19858s.wav
Saved: /data/larsonlab/ihudsonfoy/allsongs1/chosen_random_clips/cleaned/./DQ202_180104_0320_bout18_4692s_4816s.wav
Saved: /data/larsonlab/ihudsonfoy/allsongs1/chosen_random_clips/cleaned/./PF36.3_250429_0253_bout10_3986s_4044s.wav
Saved: /data/larsonlab/ihudsonfoy/allsongs1/chosen_random_clips/cleaned/./GA290_180408_0116_bout11_18634s_18660s.wav
Saved: /data/larsonlab/ihudsonfoy/allsongs1/chosen_random_clips/cleaned/./HO.PF12_180901_1002_bout6_12078s_12144s.wav
Saved: /data/larsonlab/ihudsonfoy/allsongs1/chosen_random_clips/cleaned/./GA292_180410_0311_bout1_2s_16s.wav
Saved: /data/larsonlab/ihudsonfoy/allsongs1/chosen_random_clips/cleaned/./DQ208_180104_0016_bout6_13184s_13206s.wav
Saved: /data/larsonlab/ihudsonfoy/allsongs1/chosen_random_clips/cleaned/./PF.PF89_181216_0961_bout38_10932s_10998s.wav
Saved: /data/larsonlab/ihudsonfoy/allsongs1/chosen_random_clips/cleaned/./FB127_250513_0153_bout1_2272s_2290s.wav
Saved: /data/larsonlab/ihudsonfoy/allsongs1/chosen_random_clips/cleaned/./PF.GA3.01_260122_0921_bout18_7524s_7556s.wav
Saved: /data/larsonlab/ihudsonfoy/allsongs1/chosen_random_clips/cleaned/./DQ.PF61_260115_0889_bout4_3418s_3540s.wav
Saved: /data/larsonlab/ihudsonfoy/allsongs1/chosen_random_clips/cleaned/./PF37.64_250515_0159_bout6_5388s_5470s.wav
Saved: /data/larsonlab/ihudsonfoy/allsongs1/chosen_random_clips/cleaned/./HG020_180520_0404_bout1_2s_486s.wav
Saved: /data/larsonlab/ihudsonfoy/allsongs1/chosen_random_clips/cleaned/./EH234_250504_0295_bout21_2090s_2108s.wav
Saved: /data/larsonlab/ihudsonfoy/allsongs1/chosen_random_clips/cleaned/./DQ208_180104_0016_bout4_13030s_13054s.wav
Saved: /data/larsonlab/ihudsonfoy/allsongs1/chosen_random_clips/cleaned/./PF.EH35.18_260227_0783_bout49_2484s_2540s.wav
Saved: /data/larsonlab/ihudsonfoy/allsongs1/chosen_random_clips/cleaned/./FB128_180108_0027_bout32_13298s_13898s.wav
Saved: /data/larsonlab/ihudsonfoy/allsongs1/chosen_random_clips/cleaned/./ES099_241213_0082_bout16_9064s_9074s.wav
Saved: /data/larsonlab/ihudsonfoy/allsongs1/chosen_random_clips/cleaned/./EH278_250817_0256_bout2_10542s_10558s.wav
Saved: /data/larsonlab/ihudsonfoy/allsongs1/chosen_random_clips/cleaned/./FB85_250502_0158_bout3_10866s_11624s.wav
Saved: /data/larsonlab/ihudsonfoy/allsongs1/chosen_random_clips/cleaned/./HO.PF6_180830_0511_bout1_2616s_2702s.wav
Saved: /data/larsonlab/ihudsonfoy/allsongs1/chosen_random_clips/cleaned/./GA276_trapped_180403_0457_bout6_5968s_7702s.wav
Saved: /data/larsonlab/ihudsonfoy/allsongs1/chosen_random_clips/cleaned/./EH228_250426_0255_bout47_3952s_4004s.wav
Saved: /data/larsonlab/ihudsonfoy/allsongs1/chosen_random_clips/cleaned/./PF26.1_250804_0291_bout1_6114s_6152s.wav
Saved: /data/larsonlab/ihudsonfoy/allsongs1/chosen_random_clips/cleaned/./DQ.PF63_180908_0351_bout17_10164s_10222s.wav
Saved: /data/larsonlab/ihudsonfoy/allsongs1/chosen_random_clips/cleaned/./PF.PF70_260415_1276_bout6_3260s_4236s.wav
Saved: /data/larsonlab/ihudsonfoy/allsongs1/chosen_random_clips/cleaned/./ES099_241212_0079_bout13_3460s_3660s.wav
Saved: /data/larsonlab/ihudsonfoy/allsongs1/chosen_random_clips/cleaned/./PF11.4_250428_0269_bout16_11054s_11086s.wav
Saved: /data/larsonlab/ihudsonfoy/allsongs1/chosen_random_clips/cleaned/./EP041_180331_0304_bout15_11558s_12118s.wav
Saved: /data/larsonlab/ihudsonfoy/allsongs1/chosen_random_clips/cleaned/./PF.EH59.19_181015_0116_bout84_13480s_13516s.wav
Saved: /data/larsonlab/ihudsonfoy/allsongs1/chosen_random_clips/cleaned/./DQ202_180104_0321_bout4_4996s_6036s.wav
Saved: /data/larsonlab/ihudsonfoy/allsongs1/chosen_random_clips/cleaned/./PF22.18_250504_0301_bout40_4066s_4086s.wav
Saved: /data/larsonlab/ihudsonfoy/allsongs1/chosen_random_clips/cleaned/./GA357_180421_0366_bout6_3950s_4028s.wav
Saved: /data/larsonlab/ihudsonfoy/allsongs1/chosen_random_clips/cleaned/./GA358_250827_0408_bout6_7774s_7840s.wav
Saved: /data/larsonlab/ihudsonfoy/allsongs1/chosen_random_clips/cleaned/./DQ153_250430_0258_bout60_7846s_7996s.wav
Saved: /data/larsonlab/ihudsonfoy/allsongs1/chosen_random_clips/cleaned/./PF5.6_250424_0056_bout19_7708s_7752s.wav
Saved: /data/larsonlab/ihudsonfoy/allsongs1/chosen_random_clips/cleaned/./ES097_241211_0058_bout2_11780s_11840s.wav
Saved: /data/larsonlab/ihudsonfoy/allsongs1/chosen_random_clips/cleaned/./GA237_long_180111_0192_bout2_7206s_7302s.wav
Saved: /data/larsonlab/ihudsonfoy/allsongs1/chosen_random_clips/cleaned/./FB96_250505_0093_bout12_4210s_4222s.wav
Saved: /data/larsonlab/ihudsonfoy/allsongs1/chosen_random_clips/cleaned/./PF26.3_180330_0295_bout1_11892s_11926s.wav
Saved: /data/larsonlab/ihudsonfoy/allsongs1/chosen_random_clips/cleaned/./EH258_250501_0272_bout48_7228s_7336s.wav
Saved: /data/larsonlab/ihudsonfoy/allsongs1/chosen_random_clips/cleaned/./GA332_250826_0400_bout2_3420s_3516s.wav
Saved: /data/larsonlab/ihudsonfoy/allsongs1/chosen_random_clips/cleaned/./HO82_180102_0144_bout24_1162s_1178s.wav
Saved: /data/larsonlab/ihudsonfoy/allsongs1/chosen_random_clips/cleaned/./GA305_250821_0270_bout1_4246s_4286s.wav
Saved: /data/larsonlab/ihudsonfoy/allsongs1/chosen_random_clips/cleaned/./EH259_250501_0112_bout10_1924s_1960s.wav
Saved: /data/larsonlab/ihudsonfoy/allsongs1/chosen_random_clips/cleaned/./GA226_250503_0118_bout9_340s_364s.wav
Saved: /data/larsonlab/ihudsonfoy/allsongs1/chosen_random_clips/cleaned/./GA287_180408_0302_bout3_2000s_2066s.wav
Saved: /data/larsonlab/ihudsonfoy/allsongs1/chosen_random_clips/cleaned/./EP130_180416_0354_bout5_870s_900s.wav
Saved: /data/larsonlab/ihudsonfoy/allsongs1/chosen_random_clips/cleaned/./GA214_250421_0215_bout7_1510s_1538s.wav
Saved: /data/larsonlab/ihudsonfoy/allsongs1/chosen_random_clips/cleaned/./FB85_250502_0159_bout7_1892s_3402s.wav
Saved: /data/larsonlab/ihudsonfoy/allsongs1/chosen_random_clips/cleaned/./HO39_250429_0097_bout6_5890s_5912s.wav
Saved: /data/larsonlab/ihudsonfoy/allsongs1/chosen_random_clips/cleaned/./PF.EH35.13_260223_1098_bout6_4512s_5452s.wav
Saved: /data/larsonlab/ihudsonfoy/allsongs1/chosen_random_clips/cleaned/./GA290_180408_0116_bout25_19598s_19624s.wav
Saved: /data/larsonlab/ihudsonfoy/allsongs1/chosen_random_clips/cleaned/./PF.EH59.24_181019_0461_bout10_12246s_12288s.wav
Saved: /data/larsonlab/ihudsonfoy/allsongs1/chosen_random_clips/cleaned/./EH283_180412_0517_bout55_5622s_5774s.wav
Saved: /data/larsonlab/ihudsonfoy/allsongs1/chosen_random_clips/cleaned/./GA215_250422_0198_bout13_8230s_8256s.wav
Saved: /data/larsonlab/ihudsonfoy/allsongs1/chosen_random_clips/cleaned/./PF.EH59.24_181019_0461_bout4_2694s_2710s.wav
Saved: /data/larsonlab/ihudsonfoy/allsongs1/chosen_random_clips/cleaned/./PF.PF54_181112_1324_bout7_1852s_1874s.wav
Saved: /data/larsonlab/ihudsonfoy/allsongs1/chosen_random_clips/cleaned/./HO37_250426_0041_bout17_11112s_12167s.wav
Saved: /data/larsonlab/ihudsonfoy/allsongs1/chosen_random_clips/cleaned/./PF26.17_250811_0338_bout83_5056s_5172s.wav
Saved: /data/larsonlab/ihudsonfoy/allsongs1/chosen_random_clips/cleaned/./PF9.001_2_250404_0102_bout11_4658s_5108s.wav
Saved: /data/larsonlab/ihudsonfoy/allsongs1/chosen_random_clips/cleaned/./GA310_180416_0512_bout27_9642s_9682s.wav
Saved: /data/larsonlab/ihudsonfoy/allsongs1/chosen_random_clips/cleaned/./EH228_250426_0256_bout19_4338s_4460s.wav
Saved: /data/larsonlab/ihudsonfoy/allsongs1/chosen_random_clips/cleaned/./PF.EH35.26_181025_1215_bout25_1568s_1590s.wav
Saved: /data/larsonlab/ihudsonfoy/allsongs1/chosen_random_clips/cleaned/./PF.EH35.29_181023_0476_bout44_7474s_7574s.wav
Saved: /data/larsonlab/ihudsonfoy/allsongs1/chosen_random_clips/cleaned/./EH231_250427_0265_bout28_9674s_9716s.wav
Saved: /data/larsonlab/ihudsonfoy/allsongs1/chosen_random_clips/cleaned/./ES133_180411_0124_bout2_11872s_11892s.wav
Saved: /data/larsonlab/ihudsonfoy/allsongs1/chosen_random_clips/cleaned/./HG020_180520_0405_bout7_10224s_10922s.wav
Saved: /data/larsonlab/ihudsonfoy/allsongs1/chosen_random_clips/cleaned/./ES125b_180410_0316_bout28_10338s_10450s.wav
Saved: /data/larsonlab/ihudsonfoy/allsongs1/chosen_random_clips/cleaned/./FB125_long_180111_0365_bout2_5130s_5244s.wav
Saved: /data/larsonlab/ihudsonfoy/allsongs1/chosen_random_clips/cleaned/./FB95_250504_0160_bout1_5480s_5584s.wav
Saved: /data/larsonlab/ihudsonfoy/allsongs1/chosen_random_clips/cleaned/./EH211_250421_0222_bout4_5568s_5606s.wav
Saved: /data/larsonlab/ihudsonfoy/allsongs1/chosen_random_clips/cleaned/./GA279_250812_0214_bout41_5126s_5152s.wav
Saved: /data/larsonlab/ihudsonfoy/allsongs1/chosen_random_clips/cleaned/./PF.GA15_181101_1267_bout6_7306s_7338s.wav
Saved: /data/larsonlab/ihudsonfoy/allsongs1/chosen_random_clips/cleaned/./ES128_180411_0322_bout9_2104s_2158s.wav
Saved: /data/larsonlab/ihudsonfoy/allsongs1/chosen_random_clips/cleaned/./EH283_180412_0517_bout40_4114s_4140s.wav
Saved: /data/larsonlab/ihudsonfoy/allsongs1/chosen_random_clips/cleaned/./HO.PF11_260106_0877_bout10_11090s_11122s.wav
Saved: /data/larsonlab/ihudsonfoy/allsongs1/chosen_random_clips/cleaned/./GA226_250503_0117_bout110_12086s_12150s.wav
Saved: /data/larsonlab/ihudsonfoy/allsongs1/chosen_random_clips/cleaned/./DQ204_180107_0346_bout45_4134s_4164s.wav
Saved: /data/larsonlab/ihudsonfoy/allsongs1/chosen_random_clips/cleaned/./EH278_250818_0258_bout2_8432s_8460s.wav
Saved: /data/larsonlab/ihudsonfoy/allsongs1/chosen_random_clips/cleaned/./HO111_long_250520_0193_bout4_2474s_3202s.wav
Saved: /data/larsonlab/ihudsonfoy/allsongs1/chosen_random_clips/cleaned/./PF37.63_180107_0336_bout17_6792s_6938s.wav
Saved: /data/larsonlab/ihudsonfoy/allsongs1/chosen_random_clips/cleaned/./PF37.64_250515_0161_bout2_10982s_11114s.wav
Saved: /data/larsonlab/ihudsonfoy/allsongs1/chosen_random_clips/cleaned/./DQ.PF82_180917_0571_bout39_4604s_4628s.wav
Saved: /data/larsonlab/ihudsonfoy/allsongs1/chosen_random_clips/cleaned/./PF27.1_250816_0243_bout34_7328s_7486s.wav
Saved: /data/larsonlab/ihudsonfoy/allsongs1/chosen_random_clips/cleaned/./PF38.14_250428_0246_bout29_8544s_8566s.wav
Saved: /data/larsonlab/ihudsonfoy/allsongs1/chosen_random_clips/cleaned/./PF37.41_250429_0282_bout3_4314s_4338s.wav
Saved: /data/larsonlab/ihudsonfoy/allsongs1/chosen_random_clips/cleaned/./GA334_180420_0143_bout3_22736s_22762s.wav
Saved: /data/larsonlab/ihudsonfoy/allsongs1/chosen_random_clips/cleaned/./ES129_180409_0492_bout12_4924s_4942s.wav
Saved: /data/larsonlab/ihudsonfoy/allsongs1/chosen_random_clips/cleaned/./EH211_250421_0221_bout17_8290s_8912s.wav
Saved: /data/larsonlab/ihudsonfoy/allsongs1/chosen_random_clips/cleaned/./PF.GA20_2_181115_0213_bout4_2216s_2240s.wav
Saved: /data/larsonlab/ihudsonfoy/allsongs1/chosen_random_clips/cleaned/./ES136_180413_0491_bout9_3448s_3476s.wav
Saved: /data/larsonlab/ihudsonfoy/allsongs1/chosen_random_clips/cleaned/./PF.EH69.16_181021_1188_bout52_8336s_8356s.wav
Saved: /data/larsonlab/ihudsonfoy/allsongs1/chosen_random_clips/cleaned/./PF.PF82_181210_0426_bout17_9038s_9130s.wav
Saved: /data/larsonlab/ihudsonfoy/allsongs1/chosen_random_clips/cleaned/./PF26.6_trapped_250809_0192_bout8_8662s_8696s.wav
Saved: /data/larsonlab/ihudsonfoy/allsongs1/chosen_random_clips/cleaned/./PF.PF81_181203_0580_bout30_18718s_18988s.wav
Saved: /data/larsonlab/ihudsonfoy/allsongs1/chosen_random_clips/cleaned/./PF.GA23_181118_0347_bout19_8214s_8238s.wav
Saved: /data/larsonlab/ihudsonfoy/allsongs1/chosen_random_clips/cleaned/./EH259_2_250503_0122_bout22_7808s_7824s.wav
Saved: /data/larsonlab/ihudsonfoy/allsongs1/chosen_random_clips/cleaned/./DQ.PF60_260114_0884_bout17_5784s_5862s.wav
Saved: /data/larsonlab/ihudsonfoy/allsongs1/chosen_random_clips/cleaned/./EH273_long_180116_0173_bout18_2440s_2460s.wav
Saved: /data/larsonlab/ihudsonfoy/allsongs1/chosen_random_clips/cleaned/./EP130_180416_0353_bout7_9640s_9698s.wav
Saved: /data/larsonlab/ihudsonfoy/allsongs1/chosen_random_clips/cleaned/./EP126_180415_0532_bout17_10720s_10856s.wav
Saved: /data/larsonlab/ihudsonfoy/allsongs1/chosen_random_clips/cleaned/./GA244_long_180119_0067_bout10_15512s_15932s.wav
Saved: /data/larsonlab/ihudsonfoy/allsongs1/chosen_random_clips/cleaned/./HO81_180102_0006_bout3_1282s_1300s.wav
Saved: /data/larsonlab/ihudsonfoy/allsongs1/chosen_random_clips/cleaned/./EH.PF2_180829_0977_bout24_9290s_9356s.wav
Saved: /data/larsonlab/ihudsonfoy/allsongs1/chosen_random_clips/cleaned/./DQ151_250425_0035_bout9_3478s_3564s.wav
Saved: /data/larsonlab/ihudsonfoy/allsongs1/chosen_random_clips/cleaned/./PF11.4_250428_0269_bout12_10790s_10832s.wav
Saved: /data/larsonlab/ihudsonfoy/allsongs1/chosen_random_clips/cleaned/./ES136_180413_0490_bout9_2240s_2302s.wav
Saved: /data/larsonlab/ihudsonfoy/allsongs1/chosen_random_clips/cleaned/./HO.PF2_180827_0331_bout7_510s_540s.wav
Saved: /data/larsonlab/ihudsonfoy/allsongs1/chosen_random_clips/cleaned/./EH232_250427_0079_bout22_1988s_2652s.wav
Saved: /data/larsonlab/ihudsonfoy/allsongs1/chosen_random_clips/cleaned/./PF31.1_180329_0436_bout46_11864s_11888s.wav
Saved: /data/larsonlab/ihudsonfoy/allsongs1/chosen_random_clips/cleaned/./DQ206_180103_0148_bout1_38s_58s.wav
Saved: /data/larsonlab/ihudsonfoy/allsongs1/chosen_random_clips/cleaned/./DQ151_250425_0035_bout8_3300s_3404s.wav
Saved: /data/larsonlab/ihudsonfoy/allsongs1/chosen_random_clips/cleaned/./PF.EH35.11_260224_0763_bout36_10332s_10360s.wav
Saved: /data/larsonlab/ihudsonfoy/allsongs1/chosen_random_clips/cleaned/./PF.EH61.11_181024_0762_bout25_4990s_5016s.wav
Saved: /data/larsonlab/ihudsonfoy/allsongs1/chosen_random_clips/cleaned/./ES125_250808_0186_bout5_3086s_3332s.wav
Saved: /data/larsonlab/ihudsonfoy/allsongs1/chosen_random_clips/cleaned/./HO.PF32_180909_1010_bout52_10548s_10618s.wav
Saved: /data/larsonlab/ihudsonfoy/allsongs1/chosen_random_clips/cleaned/./ES126_180402_0232_bout3_1388s_1542s.wav
Saved: /data/larsonlab/ihudsonfoy/allsongs1/chosen_random_clips/cleaned/./ES135_180411_0506_bout22_9884s_9914s.wav
Saved: /data/larsonlab/ihudsonfoy/allsongs1/chosen_random_clips/cleaned/./ES132_180410_0283_bout2_11584s_11786s.wav
Saved: /data/larsonlab/ihudsonfoy/allsongs1/chosen_random_clips/cleaned/./PF26.10_trapped_180403_0326_bout20_3566s_3922s.wav
Saved: /data/larsonlab/ihudsonfoy/allsongs1/chosen_random_clips/cleaned/./GA310_180416_0512_bout17_8374s_8606s.wav
Saved: /data/larsonlab/ihudsonfoy/allsongs1/chosen_random_clips/cleaned/./GA226_250503_0117_bout26_2040s_2056s.wav
Saved: /data/larsonlab/ihudsonfoy/allsongs1/chosen_random_clips/cleaned/./PF37.31_250428_0085_bout16_1558s_1598s.wav
Saved: /data/larsonlab/ihudsonfoy/allsongs1/chosen_random_clips/cleaned/./GA275_180401_0446_bout30_6350s_6716s.wav
Saved: /data/larsonlab/ihudsonfoy/allsongs1/chosen_random_clips/cleaned/./EH271_180103_0010_bout24_17956s_18066s.wav
Saved: /data/larsonlab/ihudsonfoy/allsongs1/chosen_random_clips/cleaned/./EP126_180415_0533_bout1_396s_1282s.wav
Saved: /data/larsonlab/ihudsonfoy/allsongs1/chosen_random_clips/cleaned/./EH285_250818_0263_bout6_1026s_1058s.wav
Saved: /data/larsonlab/ihudsonfoy/allsongs1/chosen_random_clips/cleaned/./HO.PF6_180829_0505_bout1_3066s_3826s.wav
Saved: /data/larsonlab/ihudsonfoy/allsongs1/chosen_random_clips/cleaned/./FB83_250430_0104_bout127_10450s_10470s.wav
Saved: /data/larsonlab/ihudsonfoy/allsongs1/chosen_random_clips/cleaned/./EP129_250822_0393_bout17_9226s_9642s.wav
Saved: /data/larsonlab/ihudsonfoy/allsongs1/chosen_random_clips/cleaned/./PF.PF70_260415_1274_bout14_1208s_1278s.wav
Saved: /data/larsonlab/ihudsonfoy/allsongs1/chosen_random_clips/cleaned/./ES137_180412_0128_bout27_9736s_9968s.wav
Saved: /data/larsonlab/ihudsonfoy/allsongs1/chosen_random_clips/cleaned/./GA361_180422_0530_bout7_2536s_2602s.wav
Saved: /data/larsonlab/ihudsonfoy/allsongs1/chosen_random_clips/cleaned/./EH.PF7_180922_1050_bout2_5216s_5254s.wav
Saved: /data/larsonlab/ihudsonfoy/allsongs1/chosen_random_clips/cleaned/./PF40.2_180403_0497_bout10_7218s_7262s.wav
Saved: /data/larsonlab/ihudsonfoy/allsongs1/chosen_random_clips/cleaned/./DQ204_180107_0346_bout48_4232s_4248s.wav
Saved: /data/larsonlab/ihudsonfoy/allsongs1/chosen_random_clips/cleaned/./Devo_113_180914_0361_bout1_46s_64s.wav
Saved: /data/larsonlab/ihudsonfoy/allsongs1/chosen_random_clips/cleaned/./PF.EH69.17_181020_0732_bout5_5500s_5560s.wav
Saved: /data/larsonlab/ihudsonfoy/allsongs1/chosen_random_clips/cleaned/./PF9.001_2_250404_0103_bout6_1820s_2200s.wav
Saved: /data/larsonlab/ihudsonfoy/allsongs1/chosen_random_clips/cleaned/./DQ206_180103_0148_bout9_420s_438s.wav
Saved: /data/larsonlab/ihudsonfoy/allsongs1/chosen_random_clips/cleaned/./PF.EH35.11_260224_0764_bout14_2368s_2384s.wav
Saved: /data/larsonlab/ihudsonfoy/allsongs1/chosen_random_clips/cleaned/./HO.PF7_180831_0993_bout6_11460s_11984s.wav
Saved: /data/larsonlab/ihudsonfoy/allsongs1/chosen_random_clips/cleaned/./GA278_trapped_180405_0512_bout1_7480s_7500s.wav
Saved: /data/larsonlab/ihudsonfoy/allsongs1/chosen_random_clips/cleaned/./GA358_250827_0408_bout9_7936s_8070s.wav
Saved: /data/larsonlab/ihudsonfoy/allsongs1/chosen_random_clips/cleaned/./PF.EH59.28_260301_1138_bout128_9300s_9318s.wav
Saved: /data/larsonlab/ihudsonfoy/allsongs1/chosen_random_clips/cleaned/./PF.PF58_181117_0877_bout2_102s_534s.wav
Saved: /data/larsonlab/ihudsonfoy/allsongs1/chosen_random_clips/cleaned/./PF.EH35.26_181025_1215_bout17_1216s_1294s.wav
Saved: /data/larsonlab/ihudsonfoy/allsongs1/chosen_random_clips/cleaned/./DQ193_180103_0322_bout17_1104s_1138s.wav
Saved: /data/larsonlab/ihudsonfoy/allsongs1/chosen_random_clips/cleaned/./GA275_180401_0441_bout9_10688s_10740s.wav
Saved: /data/larsonlab/ihudsonfoy/allsongs1/chosen_random_clips/cleaned/./FB125_250512_0145_bout1_10670s_10740s.wav
Saved: /data/larsonlab/ihudsonfoy/allsongs1/chosen_random_clips/cleaned/./GA296_180410_0472_bout15_5686s_5742s.wav
Saved: /data/larsonlab/ihudsonfoy/allsongs1/chosen_random_clips/cleaned/./PF22.18_250504_0301_bout47_4602s_4662s.wav
Saved: /data/larsonlab/ihudsonfoy/allsongs1/chosen_random_clips/cleaned/./HO.PF32_180909_1009_bout5_1112s_1130s.wav
Saved: /data/larsonlab/ihudsonfoy/allsongs1/chosen_random_clips/cleaned/./EH279_180412_0330_bout2_130s_344s.wav
Saved: /data/larsonlab/ihudsonfoy/allsongs1/chosen_random_clips/cleaned/./DQ204_180107_0346_bout85_6450s_6474s.wav
Saved: /data/larsonlab/ihudsonfoy/allsongs1/chosen_random_clips/cleaned/./PF5.001_1_250407_0118_bout2_204s_638s.wav
Saved: /data/larsonlab/ihudsonfoy/allsongs1/chosen_random_clips/cleaned/./GA286_180408_0471_bout5_3782s_3840s.wav
Saved: /data/larsonlab/ihudsonfoy/allsongs1/chosen_random_clips/cleaned/./PF36.3_250429_0253_bout26_8826s_8894s.wav
Saved: /data/larsonlab/ihudsonfoy/allsongs1/chosen_random_clips/cleaned/./ES126_180402_0233_bout5_468s_504s.wav
Saved: /data/larsonlab/ihudsonfoy/allsongs1/chosen_random_clips/cleaned/./DQ203_250510_0132_bout8_11768s_11812s.wav
Saved: /data/larsonlab/ihudsonfoy/allsongs1/chosen_random_clips/cleaned/./PF.PF83_2_181206_0250_bout30_6760s_6878s.wav
Saved: /data/larsonlab/ihudsonfoy/allsongs1/chosen_random_clips/cleaned/./HO.PF13_180831_0347_bout1_5970s_5996s.wav
Saved: /data/larsonlab/ihudsonfoy/allsongs1/chosen_random_clips/cleaned/./PF.EH69.18_181020_0465_bout34_11978s_12002s.wav
Saved: /data/larsonlab/ihudsonfoy/allsongs1/chosen_random_clips/cleaned/./HO82_180102_0143_bout47_10844s_10856s.wav
Saved: /data/larsonlab/ihudsonfoy/allsongs1/chosen_random_clips/cleaned/./EH.PF8_180924_1068_bout1_4012s_4032s.wav
Saved: /data/larsonlab/ihudsonfoy/allsongs1/chosen_random_clips/cleaned/./PF.PF61_181128_0231_bout26_23934s_24335s.wav
Saved: /data/larsonlab/ihudsonfoy/allsongs1/chosen_random_clips/cleaned/./PF.GA19_260318_1250_bout1_11190s_11264s.wav
Saved: /data/larsonlab/ihudsonfoy/allsongs1/chosen_random_clips/cleaned/./PF37.64_250515_0159_bout3_3650s_3720s.wav

All folders processed successfully.

